Component: Arm Compiler for Embedded 6.21 Tool: armlink [5ec1fa00]

==============================================================================

Section Cross References

    main.o(.text) refers (Special) to _printf_percent.o(.ARM.Collect$$_printf_percent$$00000000) for _printf_percent
    main.o(.text) refers (Special) to _printf_s.o(.ARM.Collect$$_printf_percent$$00000014) for _printf_s
    main.o(.text) refers (Special) to _printf_f.o(.ARM.Collect$$_printf_percent$$00000003) for _printf_f
    main.o(.text) refers (Special) to printf1.o(x$fpl$printf1) for _printf_fp_dec
    main.o(.text) refers (Special) to _printf_str.o(.text) for _printf_str
    main.o(.text.main) refers (Special) to _printf_percent.o(.ARM.Collect$$_printf_percent$$00000000) for _printf_percent
    main.o(.text.main) refers (Special) to _printf_s.o(.ARM.Collect$$_printf_percent$$00000014) for _printf_s
    main.o(.text.main) refers (Special) to _printf_f.o(.ARM.Collect$$_printf_percent$$00000003) for _printf_f
    main.o(.text.main) refers (Special) to printf1.o(x$fpl$printf1) for _printf_fp_dec
    main.o(.text.main) refers (Special) to _printf_str.o(.text) for _printf_str
    main.o(.text.main) refers to board.o(.text.board_init) for board_init
    main.o(.text.main) refers to bsp_gps.o(.text.GPS_GPIO_Init) for GPS_GPIO_Init
    main.o(.text.main) refers to bsp_gps.o(.text.clrStruct) for clrStruct
    main.o(.text.main) refers to oled.o(.text.OLED_Init) for OLED_Init
    main.o(.text.main) refers to oled.o(.text.OLED_Clear) for OLED_Clear
    main.o(.text.main) refers to oled.o(.text.OLED_ShowString) for OLED_ShowString
    main.o(.text.main) refers to oled.o(.text.OLED_Refresh) for OLED_Refresh
    main.o(.text.main) refers to dht11.o(.text.DHT11_GPIO_Init) for DHT11_GPIO_Init
    main.o(.text.main) refers to adc.o(.text.ADC_config) for ADC_config
    main.o(.text.main) refers to adc.o(.text.DMA_config) for DMA_config
    main.o(.text.main) refers to bump.o(.text.bsp_pwm_init) for bsp_pwm_init
    main.o(.text.main) refers to bsp_uart.o(.text.usart_gpio_config) for usart_gpio_config
    main.o(.text.main) refers to gd32f4xx_misc.o(.text.nvic_priority_group_set) for nvic_priority_group_set
    main.o(.text.main) refers to puts.o(.text) for puts
    main.o(.text.main) refers to board.o(.text.delay_ms) for delay_ms
    main.o(.text.main) refers to bsp_esp01s.o(.text.WIFI_ESP01S_Init) for WIFI_ESP01S_Init
    main.o(.text.main) refers to bsp_esp01s.o(.text.WIFI_MODE_STA_Aliyun_Init) for WIFI_MODE_STA_Aliyun_Init
    main.o(.text.main) refers to main.o(.bss.sta_json_data) for sta_json_data
    main.o(.text.main) refers to bsp_esp01s.o(.text.Publish_MQTT_message) for Publish_MQTT_message
    main.o(.text.main) refers to time.o(.text.bsp_timer_init1) for bsp_timer_init1
    main.o(.text.main) refers to time.o(.text.bsp_timer_init2) for bsp_timer_init2
    main.o(.text.main) refers to main.o(.bss.gps_Flag) for gps_Flag
    main.o(.text.main) refers to bsp_esp01s.o(.bss.lat_value) for lat_value
    main.o(.text.main) refers to main.o(.bss.lon_buff) for lon_buff
    main.o(.text.main) refers to main.o(.bss.lat_buff) for lat_buff
    main.o(.text.main) refers to bump.o(.bss.falme_flag) for falme_flag
    main.o(.text.main) refers to bsp_esp01s.o(.bss.bump_Flag) for bump_Flag
    main.o(.text.main) refers to main.o(.text.parseGpsBuffer) for parseGpsBuffer
    main.o(.text.main) refers to main.o(.text.printGpsBuffer) for printGpsBuffer
    main.o(.text.main) refers to bsp_esp01s.o(.bss.lon_value) for lon_value
    main.o(.text.main) refers to noretval__2printf.o(.text) for __2printf
    main.o(.text.main) refers to main.o(.bss.endptrlon) for endptrlon
    main.o(.text.main) refers to strtod.o(i.__hardfp_strtod) for __hardfp_strtod
    main.o(.text.main) refers to ddiv.o(x$fpl$ddiv) for __aeabi_ddiv
    main.o(.text.main) refers to main.o(.bss.endptrlat) for endptrlat
    main.o(.text.main) refers to dht11.o(.text.Get_temperature) for Get_temperature
    main.o(.text.main) refers to oled.o(.text.OLED_ShowNum) for OLED_ShowNum
    main.o(.text.main) refers to dht11.o(.text.Get_humidity) for Get_humidity
    main.o(.text.main) refers to adc.o(.text.Get_Percentage_value) for Get_Percentage_value
    main.o(.text.main) refers to gd32f4xx_gpio.o(.text.gpio_bit_write) for gpio_bit_write
    main.o(.text.main) refers to bsp_esp01s.o(.bss.fire_Flag) for fire_Flag
    main.o(.text.main) refers to bump.o(.text.pid_update) for pid_update
    main.o(.text.main) refers to bump.o(.bss.soil_flag) for soil_flag
    main.o(.text.main) refers to main.o(.data.Send_Flag) for Send_Flag
    main.o(.text.main) refers to bsp_esp01s.o(.data.publish_mqtt_message) for publish_mqtt_message
    main.o(.ARM.exidx.text.main) refers (Special) to _printf_percent.o(.ARM.Collect$$_printf_percent$$00000000) for _printf_percent
    main.o(.ARM.exidx.text.main) refers (Special) to _printf_s.o(.ARM.Collect$$_printf_percent$$00000014) for _printf_s
[...]
    __rt_exit_exit                           0x080002ad   Thumb Code     0  rtexit2.o(.ARM.Collect$$rtexit$$00000004)
    Reset_Handler                            0x080002b5   Thumb Code     8  startup_gd32f407_427.o(.text)
    SVC_Handler                              0x080002c7   Thumb Code     2  startup_gd32f407_427.o(.text)
    DebugMon_Handler                         0x080002c9   Thumb Code     2  startup_gd32f407_427.o(.text)
    PendSV_Handler                           0x080002cb   Thumb Code     2  startup_gd32f407_427.o(.text)
    ADC_IRQHandler                           0x080002cf   Thumb Code     0  startup_gd32f407_427.o(.text)
    CAN0_EWMC_IRQHandler                     0x080002cf   Thumb Code     0  startup_gd32f407_427.o(.text)
    CAN0_RX0_IRQHandler                      0x080002cf   Thumb Code     0  startup_gd32f407_427.o(.text)
    CAN0_RX1_IRQHandler                      0x080002cf   Thumb Code     0  startup_gd32f407_427.o(.text)
    CAN0_TX_IRQHandler                       0x080002cf   Thumb Code     0  startup_gd32f407_427.o(.text)
    CAN1_EWMC_IRQHandler                     0x080002cf   Thumb Code     0  startup_gd32f407_427.o(.text)
    CAN1_RX0_IRQHandler                      0x080002cf   Thumb Code     0  startup_gd32f407_427.o(.text)
    CAN1_RX1_IRQHandler                      0x080002cf   Thumb Code     0  startup_gd32f407_427.o(.text)
    CAN1_TX_IRQHandler                       0x080002cf   Thumb Code     0  startup_gd32f407_427.o(.text)
    DCI_IRQHandler                           0x080002cf   Thumb Code     0  startup_gd32f407_427.o(.text)
    DMA0_Channel0_IRQHandler                 0x080002cf   Thumb Code     0  startup_gd32f407_427.o(.text)
    DMA0_Channel1_IRQHandler                 0x080002cf   Thumb Code     0  startup_gd32f407_427.o(.text)
    DMA0_Channel2_IRQHandler                 0x080002cf   Thumb Code     0  startup_gd32f407_427.o(.text)
    DMA0_Channel3_IRQHandler                 0x080002cf   Thumb Code     0  startup_gd32f407_427.o(.text)
    DMA0_Channel4_IRQHandler                 0x080002cf   Thumb Code     0  startup_gd32f407_427.o(.text)
    DMA0_Channel5_IRQHandler                 0x080002cf   Thumb Code     0  startup_gd32f407_427.o(.text)
    DMA0_Channel6_IRQHandler                 0x080002cf   Thumb Code     0  startup_gd32f407_427.o(.text)
    DMA0_Channel7_IRQHandler                 0x080002cf   Thumb Code     0  startup_gd32f407_427.o(.text)
    DMA1_Channel0_IRQHandler                 0x080002cf   Thumb Code     0  startup_gd32f407_427.o(.text)
    DMA1_Channel1_IRQHandler                 0x080002cf   Thumb Code     0  startup_gd32f407_427.o(.text)
    DMA1_Channel2_IRQHandler                 0x080002cf   Thumb Code     0  startup_gd32f407_427.o(.text)
    DMA1_Channel3_IRQHandler                 0x080002cf   Thumb Code     0  startup_gd32f407_427.o(.text)
    DMA1_Channel4_IRQHandler                 0x080002cf   Thumb Code     0  startup_gd32f407_427.o(.text)
    DMA1_Channel5_IRQHandler                 0x080002cf   Thumb Code     0  startup_gd32f407_427.o(.text)
    DMA1_Channel6_IRQHandler                 0x080002cf   Thumb Code     0  startup_gd32f407_427.o(.text)
    DMA1_Channel7_IRQHandler                 0x080002cf   Thumb Code     0  startup_gd32f407_427.o(.text)
    ENET_IRQHandler                          0x080002cf   Thumb Code     0  startup_gd32f407_427.o(.text)
    ENET_WKUP_IRQHandler                     0x080002cf   Thumb Code     0  startup_gd32f407_427.o(.text)
    EXMC_IRQHandler                          0x080002cf   Thumb Code     0  startup_gd32f407_427.o(.text)
    EXTI0_IRQHandler                         0x080002cf   Thumb Code     0  startup_gd32f407_427.o(.text)
    EXTI10_15_IRQHandler                     0x080002cf   Thumb Code     0  startup_gd32f407_427.o(.text)
    EXTI1_IRQHandler                         0x080002cf   Thumb Code     0  startup_gd32f407_427.o(.text)
    EXTI2_IRQHandler                         0x080002cf   Thumb Code     0  startup_gd32f407_427.o(.text)
    EXTI3_IRQHandler                         0x080002cf   Thumb Code     0  startup_gd32f407_427.o(.text)
    EXTI4_IRQHandler                         0x080002cf   Thumb Code     0  startup_gd32f407_427.o(.text)
    EXTI5_9_IRQHandler                       0x080002cf   Thumb Code     0  startup_gd32f407_427.o(.text)
    FMC_IRQHandler                           0x080002cf   Thumb Code     0  startup_gd32f407_427.o(.text)
    FPU_IRQHandler                           0x080002cf   Thumb Code     0  startup_gd32f407_427.o(.text)
    I2C0_ER_IRQHandler                       0x080002cf   Thumb Code     0  startup_gd32f407_427.o(.text)
    I2C0_EV_IRQHandler                       0x080002cf   Thumb Code     0  startup_gd32f407_427.o(.text)
    I2C1_ER_IRQHandler                       0x080002cf   Thumb Code     0  startup_gd32f407_427.o(.text)
    I2C1_EV_IRQHandler                       0x080002cf   Thumb Code     0  startup_gd32f407_427.o(.text)
    I2C2_ER_IRQHandler                       0x080002cf   Thumb Code     0  startup_gd32f407_427.o(.text)
    I2C2_EV_IRQHandler                       0x080002cf   Thumb Code     0  startup_gd32f407_427.o(.text)
    LVD_IRQHandler                           0x080002cf   Thumb Code     0  startup_gd32f407_427.o(.text)
    RCU_CTC_IRQHandler                       0x080002cf   Thumb Code     0  startup_gd32f407_427.o(.text)
    RTC_Alarm_IRQHandler                     0x080002cf   Thumb Code     0  startup_gd32f407_427.o(.text)
    RTC_WKUP_IRQHandler                      0x080002cf   Thumb Code     0  startup_gd32f407_427.o(.text)
    SDIO_IRQHandler                          0x080002cf   Thumb Code     0  startup_gd32f407_427.o(.text)
    SPI0_IRQHandler                          0x080002cf   Thumb Code     0  startup_gd32f407_427.o(.text)
    SPI1_IRQHandler                          0x080002cf   Thumb Code     0  startup_gd32f407_427.o(.text)
    SPI2_IRQHandler                          0x080002cf   Thumb Code     0  startup_gd32f407_427.o(.text)
    TAMPER_STAMP_IRQHandler                  0x080002cf   Thumb Code     0  startup_gd32f407_427.o(.text)
    TIMER0_BRK_TIMER8_IRQHandler             0x080002cf   Thumb Code     0  startup_gd32f407_427.o(.text)
    TIMER0_Channel_IRQHandler                0x080002cf   Thumb Code     0  startup_gd32f407_427.o(.text)
    TIMER0_TRG_CMT_TIMER10_IRQHandler        0x080002cf   Thumb Code     0  startup_gd32f407_427.o(.text)
    TIMER0_UP_TIMER9_IRQHandler              0x080002cf   Thumb Code     0  startup_gd32f407_427.o(.text)
    TIMER1_IRQHandler                        0x080002cf   Thumb Code     0  startup_gd32f407_427.o(.text)
    TIMER3_IRQHandler                        0x080002cf   Thumb Code     0  startup_gd32f407_427.o(.text)
    TIMER4_IRQHandler                        0x080002cf   Thumb Code     0  startup_gd32f407_427.o(.text)
    TIMER6_IRQHandler                        0x080002cf   Thumb Code     0  startup_gd32f407_427.o(.text)
    TIMER7_BRK_TIMER11_IRQHandler            0x080002cf   Thumb Code     0  startup_gd32f407_427.o(.text)
    TIMER7_Channel_IRQHandler                0x080002cf   Thumb Code     0  startup_gd32f407_427.o(.text)
    TIMER7_TRG_CMT_TIMER13_IRQHandler        0x080002cf   Thumb Code     0  startup_gd32f407_427.o(.text)
    TIMER7_UP_TIMER12_IRQHandler             0x080002cf   Thumb Code     0  startup_gd32f407_427.o(.text)
    TRNG_IRQHandler                          0x080002cf   Thumb Code     0  startup_gd32f407_427.o(.text)
    UART3_IRQHandler                         0x080002cf   Thumb Code     0  startup_gd32f407_427.o(.text)
    UART4_IRQHandler                         0x080002cf   Thumb Code     0  startup_gd32f407_427.o(.text)
    USART5_IRQHandler                        0x080002cf   Thumb Code     0  startup_gd32f407_427.o(.text)
    USBFS_IRQHandler                         0x080002cf   Thumb Code     0  startup_gd32f407_427.o(.text)
    USBFS_WKUP_IRQHandler                    0x080002cf   Thumb Code     0  startup_gd32f407_427.o(.text)
    USBHS_EP1_In_IRQHandler                  0x080002cf   Thumb Code     0  startup_gd32f407_427.o(.text)
    USBHS_EP1_Out_IRQHandler                 0x080002cf   Thumb Code     0  startup_gd32f407_427.o(.text)
    USBHS_IRQHandler                         0x080002cf   Thumb Code     0  startup_gd32f407_427.o(.text)
    USBHS_WKUP_IRQHandler                    0x080002cf   Thumb Code     0  startup_gd32f407_427.o(.text)
    WWDGT_IRQHandler                         0x080002cf   Thumb Code     0  startup_gd32f407_427.o(.text)
    __user_initial_stackheap                 0x080002d1   Thumb Code    10  startup_gd32f407_427.o(.text)
    malloc                                   0x080002f5   Thumb Code    94  h1_alloc.o(.text)
    free                                     0x08000353   Thumb Code    78  h1_free.o(.text)
    __2printf                                0x080003a1   Thumb Code    20  noretval__2printf.o(.text)
    __2sprintf                               0x080003b9   Thumb Code    34  noretval__2sprintf.o(.text)
    _printf_pre_padding                      0x080003e1   Thumb Code    44  _printf_pad.o(.text)
    _printf_post_padding                     0x0800040d   Thumb Code    34  _printf_pad.o(.text)
    _printf_str                              0x0800042f   Thumb Code    82  _printf_str.o(.text)
    _printf_int_dec                          0x08000481   Thumb Code   104  _printf_dec.o(.text)
    _printf_int_hex                          0x080004f9   Thumb Code    84  _printf_hex_int.o(.text)
    _printf_longlong_hex                     0x080004f9   Thumb Code     0  _printf_hex_int.o(.text)
    __printf                                 0x08000551   Thumb Code   388  __printf_flags_ss_wp.o(.text)
    putchar                                  0x080006d9   Thumb Code     6  putchar.o(.text)
    puts                                     0x080006e5   Thumb Code    40  puts.o(.text)
    strtok                                   0x08000711   Thumb Code     6  strtok.o(.text)
    strchr                                   0x0800071d   Thumb Code    20  strchr.o(.text)
    strcspn                                  0x08000731   Thumb Code    32  strcspn.o(.text)
    strstr                                   0x08000751   Thumb Code    36  strstr.o(.text)
    strcpy                                   0x08000775   Thumb Code    72  strcpy.o(.text)
    strlen                                   0x080007bd   Thumb Code    62  strlen.o(.text)
    __aeabi_memcpy                           0x080007fb   Thumb Code     0  rt_memcpy_v6.o(.text)
    __rt_memcpy                              0x080007fb   Thumb Code   138  rt_memcpy_v6.o(.text)
    _memcpy_lastbytes                        0x08000861   Thumb Code     0  rt_memcpy_v6.o(.text)
    __aeabi_memcpy4                          0x08000885   Thumb Code     0  rt_memcpy_w.o(.text)
    __aeabi_memcpy8                          0x08000885   Thumb Code     0  rt_memcpy_w.o(.text)
    __rt_memcpy_w                            0x08000885   Thumb Code   100  rt_memcpy_w.o(.text)
    _memcpy_lastbytes_aligned                0x080008cd   Thumb Code     0  rt_memcpy_w.o(.text)
    __aeabi_memclr                           0x080008e9   Thumb Code     0  rt_memclr.o(.text)
    __rt_memclr                              0x080008e9   Thumb Code     0  rt_memclr.o(.text)
    _memset                                  0x080008ed   Thumb Code    64  rt_memclr.o(.text)
    __aeabi_memclr4                          0x0800092d   Thumb Code     0  rt_memclr_w.o(.text)
    __aeabi_memclr8                          0x0800092d   Thumb Code     0  rt_memclr_w.o(.text)
    __rt_memclr_w                            0x0800092d   Thumb Code     0  rt_memclr_w.o(.text)
    _memset_w                                0x08000931   Thumb Code    74  rt_memclr_w.o(.text)
    __use_two_region_memory                  0x0800097b   Thumb Code     2  heapauxi.o(.text)
    __rt_heap_escrow                         0x0800097d   Thumb Code     2  heapauxi.o(.text)
    __rt_heap_expand                         0x0800097f   Thumb Code     2  heapauxi.o(.text)
    __rt_heap_descriptor                     0x08000981   Thumb Code     8  rt_heap_descriptor_intlibspace.o(.text)
    __aeabi_errno_addr                       0x08000989   Thumb Code     8  rt_errno_addr_intlibspace.o(.text)
    __errno$intlibspace                      0x08000989   Thumb Code     0  rt_errno_addr_intlibspace.o(.text)
    __rt_errno_addr$intlibspace              0x08000989   Thumb Code     0  rt_errno_addr_intlibspace.o(.text)
    __use_no_heap                            0x08000991   Thumb Code     2  hguard.o(.text)
    __heap$guard                             0x08000993   Thumb Code     2  hguard.o(.text)
    _terminate_user_alloc                    0x08000995   Thumb Code     2  init_alloc.o(.text)
    _init_user_alloc                         0x08000997   Thumb Code     2  init_alloc.o(.text)
    __Heap_Full                              0x08000999   Thumb Code    34  init_alloc.o(.text)
    __Heap_Broken                            0x080009bb   Thumb Code     6  init_alloc.o(.text)
    _init_alloc                              0x080009c1   Thumb Code    94  init_alloc.o(.text)
    __Heap_Initialize                        0x08000a1f   Thumb Code     8  h1_init.o(.text)
    __Heap_DescSize                          0x08000a27   Thumb Code     4  h1_init.o(.text)
    _printf_int_common                       0x08000a2b   Thumb Code   178  _printf_intcommon.o(.text)
    _printf_fp_dec_real                      0x08000c8d   Thumb Code   620  _printf_fp_dec.o(.text)
    _printf_char_common                      0x08000f03   Thumb Code    32  _printf_char_common.o(.text)
    _sputc                                   0x08000f29   Thumb Code    10  _sputc.o(.text)
    _printf_cs_common                        0x08000f33   Thumb Code    20  _printf_char.o(.text)
    _printf_char                             0x08000f47   Thumb Code    16  _printf_char.o(.text)
    _printf_string                           0x08000f57   Thumb Code     8  _printf_char.o(.text)
    _printf_char_file                        0x08000f61   Thumb Code    32  _printf_char_file.o(.text)
    __strtod_int                             0x08000fc9   Thumb Code    94  strtod.o(.text)
    __strtok_internal                        0x08001035   Thumb Code    64  strtok_int.o(.text)
    __user_libspace                          0x08001079   Thumb Code     8  libspace.o(.text)
    __user_perproc_libspace                  0x08001079   Thumb Code     0  libspace.o(.text)
    __user_perthread_libspace                0x08001079   Thumb Code     0  libspace.o(.text)
    __rt_ctype_table                         0x08001081   Thumb Code    16  rt_ctype_table.o(.text)
    __rt_locale                              0x08001091   Thumb Code     8  rt_locale_intlibspace.o(.text)
    __Heap_ProvideMemory                     0x08001099   Thumb Code    52  h1_extend.o(.text)
    _maybe_terminate_alloc                   0x08001099   Thumb Code     0  maybetermalloc1.o(.text)
    _ll_udiv10                               0x080010cd   Thumb Code   138  lludiv10.o(.text)
    isspace                                  0x08001157   Thumb Code    18  isspace.o(.text)
    _printf_fp_infnan                        0x08001169   Thumb Code   112  _printf_fp_infnan.o(.text)
    _sgetc                                   0x080011e9   Thumb Code    30  _sgetc.o(.text)
    _sbackspace                              0x08001207   Thumb Code    34  _sgetc.o(.text)
    _btod_etento                             0x08001229   Thumb Code   224  bigflt0.o(.text)
    ferror                                   0x0800130d   Thumb Code     8  ferror.o(.text)
    __rt_SIGRTMEM                            0x08001315   Thumb Code    14  defsig_rtmem_outer.o(.text)
    strspn                                   0x08001323   Thumb Code    28  strspn.o(.text)
    __I$use$semihosting                      0x0800133f   Thumb Code     0  use_no_semi.o(.text)
    __use_no_semihosting_swi                 0x0800133f   Thumb Code     2  use_no_semi.o(.text)
    __semihosting_library_function           0x08001341   Thumb Code     0  indicate_semi.o(.text)
    __user_setup_stackheap                   0x08001341   Thumb Code    74  sys_stackheap_outer.o(.text)
    _chval                                   0x0800138b   Thumb Code    28  _chval.o(.text)
    _scanf_really_real                       0x080015f5   Thumb Code   684  scanf_fp.o(.text)
    exit                                     0x080018a1   Thumb Code    18  exit.o(.text)
    __sig_exit                               0x080018b3   Thumb Code    10  defsig_exit.o(.text)
    __rt_SIGRTMEM_inner                      0x080018bd   Thumb Code    22  defsig_rtmem_inner.o(.text)
    strcmp                                   0x08001911   Thumb Code   124  strcmpv7em.o(.text)
    __aeabi_llsl                             0x0800198d   Thumb Code     0  llshl.o(.text)
    _ll_shift_l                              0x0800198d   Thumb Code    38  llshl.o(.text)
    __default_signal_display                 0x080019b3   Thumb Code    50  defsig_general.o(.text)
    _ttywrch                                 0x080019e5   Thumb Code    14  sys_wrch.o(.text)
    __read_errno                             0x080019f3   Thumb Code    10  _rserrno.o(.text)
    __set_errno                              0x080019fd   Thumb Code    12  _rserrno.o(.text)
    _scanf_really_hex_real                   0x08001a09   Thumb Code   786  scanf_hexfp.o(.text)
    _scanf_really_infnan                     0x08001d29   Thumb Code   292  scanf_infnan.o(.text)
    ADC_config                               0x08001e5d   Thumb Code   202  adc.o(.text.ADC_config)
    BusFault_Handler                         0x08001f29   Thumb Code     2  board.o(.text.BusFault_Handler)
    Clear_Aliyun_json_data                   0x08001f2d   Thumb Code    62  bsp_esp01s.o(.text.Clear_Aliyun_json_data)
    DHT11_GPIO_Init                          0x08001f6d   Thumb Code    54  dht11.o(.text.DHT11_GPIO_Init)
    DHT11_Read_Data                          0x08001fa9   Thumb Code   408  dht11.o(.text.DHT11_Read_Data)
    DMA_config                               0x08002149   Thumb Code   106  adc.o(.text.DMA_config)
    GPS_GPIO_Init                            0x080021b5   Thumb Code   204  bsp_gps.o(.text.GPS_GPIO_Init)
    Get_Aliyun_json_data                     0x08002281   Thumb Code   168  bsp_esp01s.o(.text.Get_Aliyun_json_data)
    Get_Percentage_value                     0x08002379   Thumb Code    96  adc.o(.text.Get_Percentage_value)
    Get_humidity                             0x080023e5   Thumb Code    14  dht11.o(.text.Get_humidity)
    Get_temperature                          0x080023f5   Thumb Code    14  dht11.o(.text.Get_temperature)
    HardFault_Handler                        0x08002405   Thumb Code     2  board.o(.text.HardFault_Handler)
    MemManage_Handler                        0x08002409   Thumb Code     2  board.o(.text.MemManage_Handler)
    NMI_Handler                              0x0800240d   Thumb Code     2  board.o(.text.NMI_Handler)
    OLED_Clear                               0x08002411   Thumb Code    52  oled.o(.text.OLED_Clear)
    OLED_Init                                0x08002445   Thumb Code   382  oled.o(.text.OLED_Init)
    OLED_Refresh                             0x080025c5   Thumb Code   372  oled.o(.text.OLED_Refresh)
    OLED_ShowChar                            0x08002739   Thumb Code   316  oled.o(.text.OLED_ShowChar)
    OLED_ShowNum                             0x08002875   Thumb Code   156  oled.o(.text.OLED_ShowNum)
    OLED_ShowString                          0x08002911   Thumb Code    84  oled.o(.text.OLED_ShowString)
    OLED_WR_Byte                             0x08002965   Thumb Code   314  oled.o(.text.OLED_WR_Byte)
    Publish_MQTT_message                     0x08002aa1   Thumb Code   508  bsp_esp01s.o(.text.Publish_MQTT_message)
    Send_Byte                                0x08002d0d   Thumb Code    78  oled.o(.text.Send_Byte)
    SysTick_Handler                          0x08002d5d   Thumb Code    18  board.o(.text.SysTick_Handler)
    SystemInit                               0x08002d71   Thumb Code   342  system_gd32f4xx.o(.text.SystemInit)
    TIMER2_IRQHandler                        0x08002ec9   Thumb Code   132  main.o(.text.TIMER2_IRQHandler)
    TIMER5_DAC_IRQHandler                    0x08002f59   Thumb Code    40  main.o(.text.TIMER5_DAC_IRQHandler)
    USART0_IRQHandler                        0x08002f81   Thumb Code   118  bsp_uart.o(.text.USART0_IRQHandler)
    USART1_IRQHandler                        0x08002ff9   Thumb Code   138  bsp_esp01s.o(.text.USART1_IRQHandler)
    USART2_IRQHandler                        0x08003085   Thumb Code   170  bsp_gps.o(.text.USART2_IRQHandler)
    UsageFault_Handler                       0x08003131   Thumb Code     2  board.o(.text.UsageFault_Handler)
    WIFI_ESP01S_Init                         0x08003135   Thumb Code     8  bsp_esp01s.o(.text.WIFI_ESP01S_Init)
    WIFI_MODE_STA_Aliyun_Init                0x0800313d   Thumb Code  1728  bsp_esp01s.o(.text.WIFI_MODE_STA_Aliyun_Init)
    WIFI_USART_Init                          0x08003891   Thumb Code   196  bsp_esp01s.o(.text.WIFI_USART_Init)
    _sys_exit                                0x08003955   Thumb Code     2  bsp_uart.o(.text._sys_exit)
    adc_calibration_enable                   0x08003959   Thumb Code    32  gd32f4xx_adc.o(.text.adc_calibration_enable)
    adc_channel_length_config                0x08003979   Thumb Code    70  gd32f4xx_adc.o(.text.adc_channel_length_config)
    adc_clock_config                         0x080039c1   Thumb Code    24  gd32f4xx_adc.o(.text.adc_clock_config)
    adc_data_alignment_config                0x080039d9   Thumb Code    18  gd32f4xx_adc.o(.text.adc_data_alignment_config)
    adc_deinit                               0x080039ed   Thumb Code    22  gd32f4xx_adc.o(.text.adc_deinit)
    adc_dma_mode_enable                      0x08003a05   Thumb Code    10  gd32f4xx_adc.o(.text.adc_dma_mode_enable)
    adc_dma_request_after_last_enable        0x08003a11   Thumb Code    10  gd32f4xx_adc.o(.text.adc_dma_request_after_last_enable)
    adc_enable                               0x08003a1d   Thumb Code    18  gd32f4xx_adc.o(.text.adc_enable)
    adc_external_trigger_config              0x08003a31   Thumb Code    46  gd32f4xx_adc.o(.text.adc_external_trigger_config)
    adc_routine_channel_config               0x08003a61   Thumb Code   116  gd32f4xx_adc.o(.text.adc_routine_channel_config)
    adc_software_trigger_enable              0x08003ad5   Thumb Code    28  gd32f4xx_adc.o(.text.adc_software_trigger_enable)
    adc_special_function_config              0x08003af1   Thumb Code    90  gd32f4xx_adc.o(.text.adc_special_function_config)
    adc_sync_mode_config                     0x08003b4d   Thumb Code    24  gd32f4xx_adc.o(.text.adc_sync_mode_config)
    board_init                               0x08003b65   Thumb Code    82  board.o(.text.board_init)
    bsp_pwm_init                             0x08003bb9   Thumb Code   192  bump.o(.text.bsp_pwm_init)
    bsp_timer_init1                          0x08003c79   Thumb Code    98  time.o(.text.bsp_timer_init1)
    bsp_timer_init2                          0x08003cdd   Thumb Code    98  time.o(.text.bsp_timer_init2)
    clrStruct                                0x08003d41   Thumb Code    18  bsp_gps.o(.text.clrStruct)
    delay_ms                                 0x08003d55   Thumb Code    84  board.o(.text.delay_ms)
    delay_us                                 0x08003da9   Thumb Code    76  board.o(.text.delay_us)
    dma_channel_enable                       0x08003df5   Thumb Code    18  gd32f4xx_dma.o(.text.dma_channel_enable)
    dma_circulation_enable                   0x08003e09   Thumb Code    18  gd32f4xx_dma.o(.text.dma_circulation_enable)
    dma_deinit                               0x08003e1d   Thumb Code    76  gd32f4xx_dma.o(.text.dma_deinit)
    dma_single_data_mode_init                0x08003e69   Thumb Code   136  gd32f4xx_dma.o(.text.dma_single_data_mode_init)
    fputc                                    0x08003ef1   Thumb Code    36  bsp_uart.o(.text.fputc)
    gpio_af_set                              0x08003f15   Thumb Code   110  gd32f4xx_gpio.o(.text.gpio_af_set)
    gpio_bit_set                             0x08003f85   Thumb Code     4  gd32f4xx_gpio.o(.text.gpio_bit_set)
    gpio_bit_write                           0x08003f89   Thumb Code    12  gd32f4xx_gpio.o(.text.gpio_bit_write)
    gpio_input_bit_get                       0x08003f95   Thumb Code    10  gd32f4xx_gpio.o(.text.gpio_input_bit_get)
    gpio_mode_set                            0x08003fa1   Thumb Code    84  gd32f4xx_gpio.o(.text.gpio_mode_set)
    gpio_output_options_set                  0x08003ff5   Thumb Code    70  gd32f4xx_gpio.o(.text.gpio_output_options_set)
    hmac_sha1                                0x0800403d   Thumb Code   342  hmacsha1.o(.text.hmac_sha1)
    main                                     0x08004199   Thumb Code   776  main.o(.text.main)
    nvic_irq_enable                          0x0800454d   Thumb Code   164  gd32f4xx_misc.o(.text.nvic_irq_enable)
    nvic_priority_group_set                  0x080045f1   Thumb Code    20  gd32f4xx_misc.o(.text.nvic_priority_group_set)
    parseGpsBuffer                           0x08004605   Thumb Code   224  main.o(.text.parseGpsBuffer)
    pid_update                               0x080046e5   Thumb Code   192  bump.o(.text.pid_update)
    printGpsBuffer                           0x080047bd   Thumb Code   180  main.o(.text.printGpsBuffer)
    rcu_clock_freq_get                       0x08004885   Thumb Code   172  gd32f4xx_rcu.o(.text.rcu_clock_freq_get)
    rcu_periph_clock_enable                  0x08004941   Thumb Code    30  gd32f4xx_rcu.o(.text.rcu_periph_clock_enable)
    rcu_periph_reset_disable                 0x08004961   Thumb Code    32  gd32f4xx_rcu.o(.text.rcu_periph_reset_disable)
    rcu_periph_reset_enable                  0x08004981   Thumb Code    30  gd32f4xx_rcu.o(.text.rcu_periph_reset_enable)
    rcu_timer_clock_prescaler_config         0x080049a1   Thumb Code    34  gd32f4xx_rcu.o(.text.rcu_timer_clock_prescaler_config)
    sha1                                     0x080049c5   Thumb Code   572  hmacsha1.o(.text.sha1)
    soft_timer_tick                          0x08004c01   Thumb Code    62  soft_timer.o(.text.soft_timer_tick)
    timer_auto_reload_shadow_enable          0x08004c41   Thumb Code    10  gd32f4xx_timer.o(.text.timer_auto_reload_shadow_enable)
    timer_channel_output_config              0x08004c4d   Thumb Code   500  gd32f4xx_timer.o(.text.timer_channel_output_config)
    timer_channel_output_mode_config         0x08004e41   Thumb Code    56  gd32f4xx_timer.o(.text.timer_channel_output_mode_config)
    timer_channel_output_pulse_value_config  0x08004e79   Thumb Code    12  gd32f4xx_timer.o(.text.timer_channel_output_pulse_value_config)
    timer_channel_output_shadow_config       0x08004e85   Thumb Code    56  gd32f4xx_timer.o(.text.timer_channel_output_shadow_config)
    timer_channel_output_struct_para_init    0x08004ebd   Thumb Code    10  gd32f4xx_timer.o(.text.timer_channel_output_struct_para_init)
    timer_deinit                             0x08004ec9   Thumb Code   326  gd32f4xx_timer.o(.text.timer_deinit)
    timer_enable                             0x08005011   Thumb Code    10  gd32f4xx_timer.o(.text.timer_enable)
    timer_init                               0x0800501d   Thumb Code   170  gd32f4xx_timer.o(.text.timer_init)
    timer_interrupt_enable                   0x080050c9   Thumb Code     8  gd32f4xx_timer.o(.text.timer_interrupt_enable)
    timer_interrupt_flag_clear               0x080050d1   Thumb Code     6  gd32f4xx_timer.o(.text.timer_interrupt_flag_clear)
    timer_interrupt_flag_get                 0x080050d9   Thumb Code    22  gd32f4xx_timer.o(.text.timer_interrupt_flag_get)
    usart_baudrate_set                       0x080050f1   Thumb Code   190  gd32f4xx_usart.o(.text.usart_baudrate_set)
    usart_data_receive                       0x080051b1   Thumb Code     8  gd32f4xx_usart.o(.text.usart_data_receive)
    usart_data_transmit                      0x080051b9   Thumb Code     8  gd32f4xx_usart.o(.text.usart_data_transmit)
    usart_deinit                             0x080051c1   Thumb Code   200  gd32f4xx_usart.o(.text.usart_deinit)
    usart_enable                             0x08005289   Thumb Code    10  gd32f4xx_usart.o(.text.usart_enable)
    usart_flag_get                           0x08005295   Thumb Code    16  gd32f4xx_usart.o(.text.usart_flag_get)
    usart_gpio_config                        0x080052a5   Thumb Code   214  bsp_uart.o(.text.usart_gpio_config)
    usart_interrupt_enable                   0x0800537d   Thumb Code    22  gd32f4xx_usart.o(.text.usart_interrupt_enable)
    usart_interrupt_flag_clear               0x08005395   Thumb Code    24  gd32f4xx_usart.o(.text.usart_interrupt_flag_clear)
    usart_interrupt_flag_get                 0x080053ad   Thumb Code    34  gd32f4xx_usart.o(.text.usart_interrupt_flag_get)
    usart_parity_config                      0x080053d1   Thumb Code    16  gd32f4xx_usart.o(.text.usart_parity_config)
    usart_receive_config                     0x080053e1   Thumb Code    12  gd32f4xx_usart.o(.text.usart_receive_config)
    usart_stop_bit_set                       0x080053ed   Thumb Code    16  gd32f4xx_usart.o(.text.usart_stop_bit_set)
    usart_transmit_config                    0x080053fd   Thumb Code    12  gd32f4xx_usart.o(.text.usart_transmit_config)
    usart_word_length_set                    0x08005409   Thumb Code    16  gd32f4xx_usart.o(.text.usart_word_length_set)
    _btod_d2e                                0x08005419   Thumb Code    62  btod.o(CL$$btod_d2e)
    _d2e_denorm_low                          0x08005457   Thumb Code    70  btod.o(CL$$btod_d2e_denorm_low)
    _d2e_norm_op1                            0x0800549d   Thumb Code    96  btod.o(CL$$btod_d2e_norm_op1)
    __btod_div_common                        0x080054fd   Thumb Code   696  btod.o(CL$$btod_div_common)
    _e2d                                     0x08005835   Thumb Code   122  btod.o(CL$$btod_e2d)
    _e2e                                     0x080058b9   Thumb Code   220  btod.o(CL$$btod_e2e)
    _btod_ediv                               0x08005995   Thumb Code    42  btod.o(CL$$btod_ediv)
    _btod_edivd                              0x080059bf   Thumb Code    42  btod.o(CL$$btod_edivd)
    _btod_emul                               0x080059e9   Thumb Code    42  btod.o(CL$$btod_emul)
    _btod_emuld                              0x08005a13   Thumb Code    42  btod.o(CL$$btod_emuld)
    __btod_mult_common                       0x08005a3d   Thumb Code   580  btod.o(CL$$btod_mult_common)
    __ARM_fpclassify                         0x08005c81   Thumb Code    48  fpclassify.o(i.__ARM_fpclassify)
    __hardfp___mathlib_tofloat               0x08005cb1   Thumb Code   232  narrow.o(i.__hardfp___mathlib_tofloat)
    __hardfp_ldexp                           0x08005da9   Thumb Code   200  ldexp.o(i.__hardfp_ldexp)
    __hardfp_strtod                          0x08005e79   Thumb Code    32  strtod.o(i.__hardfp_strtod)
    __mathlib_dbl_overflow                   0x08005ea1   Thumb Code    24  dunder.o(i.__mathlib_dbl_overflow)
    __mathlib_dbl_underflow                  0x08005ec1   Thumb Code    24  dunder.o(i.__mathlib_dbl_underflow)
    __mathlib_narrow                         0x08005ee1   Thumb Code    18  narrow.o(i.__mathlib_narrow)
    __support_ldexp                          0x08005ef3   Thumb Code    20  ldexp.o(i.__support_ldexp)
    _is_digit                                0x08005f07   Thumb Code    14  __printf_wp.o(i._is_digit)
    frexp                                    0x08005f19   Thumb Code   118  frexp.o(i.frexp)
    _get_lc_numeric                          0x08005fa5   Thumb Code    44  lc_numeric_c.o(locale$$code)
    _get_lc_ctype                            0x08005fd1   Thumb Code    44  lc_ctype_c.o(locale$$code)
    __aeabi_d2f                              0x08005ffd   Thumb Code     0  d2f.o(x$fpl$d2f)
    _d2f                                     0x08005ffd   Thumb Code    98  d2f.o(x$fpl$d2f)
    __fpl_dcheck_NaN1                        0x08006061   Thumb Code    10  dcheck1.o(x$fpl$dcheck1)
    __fpl_dcmp_Inf                           0x08006071   Thumb Code    24  dcmpi.o(x$fpl$dcmpinf)
    __aeabi_ddiv                             0x08006089   Thumb Code     0  ddiv.o(x$fpl$ddiv)
    _ddiv                                    0x08006089   Thumb Code   556  ddiv.o(x$fpl$ddiv)
    __aeabi_cdcmpeq                          0x0800633d   Thumb Code     0  deqf.o(x$fpl$deqf)
    _dcmpeq                                  0x0800633d   Thumb Code   120  deqf.o(x$fpl$deqf)
    __aeabi_l2d                              0x080063b5   Thumb Code     0  dfltll_clz.o(x$fpl$dfltll)
    _ll_sto_d                                0x080063b5   Thumb Code   162  dfltll_clz.o(x$fpl$dfltll)
    __aeabi_cdcmple                          0x08006459   Thumb Code     0  dleqf.o(x$fpl$dleqf)
    _dcmple                                  0x08006459   Thumb Code   120  dleqf.o(x$fpl$dleqf)
    __fpl_dcmple_InfNaN                      0x080064bb   Thumb Code     0  dleqf.o(x$fpl$dleqf)
    __aeabi_dmul                             0x080064d1   Thumb Code     0  dmul.o(x$fpl$dmul)
    _dmul                                    0x080064d1   Thumb Code   332  dmul.o(x$fpl$dmul)
    __fpl_dnaninf                            0x08006625   Thumb Code   156  dnaninf.o(x$fpl$dnaninf)
    __fpl_dretinf                            0x080066c1   Thumb Code    12  dretinf.o(x$fpl$dretinf)
    __aeabi_cdrcmple                         0x080066cd   Thumb Code     0  drleqf.o(x$fpl$drleqf)
    _drcmple                                 0x080066cd   Thumb Code   108  drleqf.o(x$fpl$drleqf)
    __aeabi_f2d                              0x08006739   Thumb Code     0  f2d.o(x$fpl$f2d)
    _f2d                                     0x08006739   Thumb Code    86  f2d.o(x$fpl$f2d)
    __aeabi_ul2f                             0x0800678f   Thumb Code     0  ffltll_clz.o(x$fpl$ffltll)
    _ll_uto_f                                0x0800678f   Thumb Code     6  ffltll_clz.o(x$fpl$ffltll)
    __aeabi_l2f                              0x08006795   Thumb Code     0  ffltll_clz.o(x$fpl$ffltll)
    _ll_sto_f                                0x08006795   Thumb Code    90  ffltll_clz.o(x$fpl$ffltll)
    __fpl_fnaninf                            0x080067ef   Thumb Code   140  fnaninf.o(x$fpl$fnaninf)
    _fp_init                                 0x0800687b   Thumb Code    26  fpinit.o(x$fpl$fpinit)
    __fplib_config_fpu_vfp                   0x08006893   Thumb Code     0  fpinit.o(x$fpl$fpinit)
    __fplib_config_pureend_doubles           0x08006893   Thumb Code     0  fpinit.o(x$fpl$fpinit)
    __fpl_fretinf                            0x08006895   Thumb Code    10  fretinf.o(x$fpl$fretinf)
    __ieee_status                            0x0800689f   Thumb Code     6  istatus.o(x$fpl$ieeestatus)
    _printf_fp_dec                           0x080068a5   Thumb Code     4  printf1.o(x$fpl$printf1)
    __fpl_return_NaN                         0x080068a9   Thumb Code   100  retnan.o(x$fpl$retnan)
    __ARM_scalbn                             0x0800690d   Thumb Code    92  scalbn.o(x$fpl$scalbn)
    _scanf_real                              0x08006969   Thumb Code     4  scanf1.o(x$fpl$scanf1)
    _scanf_hex_real                          0x0800696d   Thumb Code     4  scanf2.o(x$fpl$scanf2)
    _scanf_infnan                            0x08006971   Thumb Code     4  scanf2.o(x$fpl$scanf2)
    __fpl_cmpreturn                          0x08006975   Thumb Code    48  trapv.o(x$fpl$trapveneer)
    __I$use$fp                               0x080069a4   Number         0  usenofp.o(x$fpl$usenofp)
    asc2_0806                                0x08006a74   Data         552  oled.o(.rodata.asc2_0806)
    asc2_1206                                0x08006c9c   Data        1140  oled.o(.rodata.asc2_1206)
    asc2_1608                                0x08007110   Data        1520  oled.o(.rodata.asc2_1608)
    asc2_2412                                0x08007700   Data        3420  oled.o(.rodata.asc2_2412)
    Region$$Table$$Base                      0x08008650   Number         0  anon$$obj.o(Region$$Table)
    Region$$Table$$Limit                     0x08008670   Number         0  anon$$obj.o(Region$$Table)
    __aeabi_HUGE_VAL                         0x08008670   Data           0  fpconst.o(c$$dinf)
    __aeabi_HUGE_VALL                        0x08008670   Data           0  fpconst.o(c$$dinf)
    __aeabi_INFINITY                         0x08008670   Data           0  fpconst.o(c$$dinf)
    __dInf                                   0x08008670   Data           0  fpconst.o(c$$dinf)
    __huge_val                               0x08008670   Data           0  fpconst.o(c$$dinf)
    __dbl_max                                0x08008678   Data           0  fpconst.o(c$$dmax)
    __ctype                                  0x080086a9   Data           0  lc_ctype_c.o(locale$$data)
    Send_Flag                                0x20000004   Data           1  main.o(.data.Send_Flag)
    SystemCoreClock                          0x20000008   Data           4  system_gd32f4xx.o(.data.SystemCoreClock)
    publish_mqtt_message                     0x2000000c   Data         630  bsp_esp01s.o(.data.publish_mqtt_message)
    __libspace_start                         0x20000288   Data          96  libspace.o(.bss)
    EW_buff                                  0x200002e8   Data         100  main.o(.bss.EW_buff)
    __temporary_stack_top$libspace           0x200002e8   Data           0  libspace.o(.bss)
    GPSRX_BUFF                               0x2000034c   Data         255  bsp_gps.o(.bss.GPSRX_BUFF)
    GPSRX_LEN                                0x2000044b   Data           1  bsp_gps.o(.bss.GPSRX_LEN)
    NS_buff                                  0x2000044c   Data         100  main.o(.bss.NS_buff)
    OLED_GRAM                                0x200004b0   Data        1152  oled.o(.bss.OLED_GRAM)
    Save_Data                                0x20000930   Data         121  bsp_gps.o(.bss.Save_Data)
    WIFI_RX_BUFF                             0x200009ac   Data         200  bsp_esp01s.o(.bss.WIFI_RX_BUFF)
    WIFI_RX_FLAG                             0x20000a74   Data           1  bsp_esp01s.o(.bss.WIFI_RX_FLAG)
    WIFI_RX_LEN                              0x20000a75   Data           1  bsp_esp01s.o(.bss.WIFI_RX_LEN)
    __stdout                                 0x20000a78   Data          84  bsp_uart.o(.bss.__stdout)
    adc_value                                0x20000acc   Data           6  adc.o(.bss.adc_value)
    bump_Flag                                0x20000ad4   Data           4  bsp_esp01s.o(.bss.bump_Flag)
    endptrlat                                0x20000ad8   Data           4  main.o(.bss.endptrlat)
    endptrlon                                0x20000adc   Data           4  main.o(.bss.endptrlon)
    falme_flag                               0x20000ae0   Data           4  bump.o(.bss.falme_flag)
    fire_Flag                                0x20000ae4   Data           4  bsp_esp01s.o(.bss.fire_Flag)
    g_recv_buff                              0x20000ae8   Data        1024  bsp_uart.o(.bss.g_recv_buff)
    g_recv_complete_flag                     0x20000ee8   Data           1  bsp_uart.o(.bss.g_recv_complete_flag)
    g_recv_length                            0x20000eea   Data           2  bsp_uart.o(.bss.g_recv_length)
    gps_Flag                                 0x20000ef0   Data           4  main.o(.bss.gps_Flag)
    humidity                                 0x20000ef4   Data           4  dht11.o(.bss.humidity)
    integral                                 0x20000ef8   Data           4  bump.o(.bss.integral)
    lat_buff                                 0x20000efc   Data         100  main.o(.bss.lat_buff)
    lat_value                                0x20000f60   Data           8  bsp_esp01s.o(.bss.lat_value)
    lon_buff                                 0x20000f68   Data         100  main.o(.bss.lon_buff)
    lon_value                                0x20000fd0   Data           8  bsp_esp01s.o(.bss.lon_value)
    output_pwm                               0x20000fd8   Data           4  bump.o(.bss.output_pwm)
    previous_error                           0x20000fdc   Data           4  bump.o(.bss.previous_error)
    soil_flag                                0x20000fe0   Data           4  bump.o(.bss.soil_flag)
    sta_json_data                            0x20000fe4   Data          70  main.o(.bss.sta_json_data)
    temperature                              0x2000102c   Data           4  dht11.o(.bss.temperature)



==============================================================================

Memory Map of the image

  Image Entry point : 0x08000189

  Load Region LR_IROM1 (Base: 0x08000000, Size: 0x00008a38, Max: 0x00100000, ABSOLUTE, COMPRESSED[0x00008850])

    Execution Region ER_IROM1 (Exec base: 0x08000000, Load base: 0x08000000, Size: 0x000087ac, Max: 0x00100000, ABSOLUTE)

    Exec Addr    Load Addr    Size         Type   Attr      Idx    E Section Name        Object

    0x08000000   0x08000000   0x00000188   Data   RO         1990    RESET               startup_gd32f407_427.o
    0x08000188   0x08000188   0x00000008   Code   RO         2507  * !!!main             c_w.l(__main.o)
    0x08000190   0x08000190   0x0000005c   Code   RO         2926    !!!scatter          c_w.l(__scatter.o)
    0x080001ec   0x080001ec   0x0000003a   Code   RO         2924    !!dczerorl          c_w.l(__dczerorl.o)
    0x08000226   0x08000226   0x00000002   PAD
    0x08000228   0x08000228   0x00000002   Code   RO         2927    !!handler_null      c_w.l(__scatter.o)
    0x0800022a   0x0800022a   0x00000002   PAD
    0x0800022c   0x0800022c   0x0000001c   Code   RO         2930    !!handler_zi        c_w.l(__scatter_zi.o)
    0x08000248   0x08000248   0x00000000   Code   RO         2475    .ARM.Collect$$_printf_percent$$00000000  c_w.l(_printf_percent.o)
    0x08000248   0x08000248   0x00000006   Code   RO         2474    .ARM.Collect$$_printf_percent$$00000003  c_w.l(_printf_f.o)
    0x0800024e   0x0800024e   0x00000006   Code   RO         2473    .ARM.Collect$$_printf_percent$$00000009  c_w.l(_printf_d.o)
    0x08000254   0x08000254   0x00000006   Code   RO         2472    .ARM.Collect$$_printf_percent$$0000000C  c_w.l(_printf_x.o)
    0x0800025a   0x0800025a   0x00000006   Code   RO         2471    .ARM.Collect$$_printf_percent$$00000014  c_w.l(_printf_s.o)
    0x08000260   0x08000260   0x00000004   Code   RO         2578    .ARM.Collect$$_printf_percent$$00000017  c_w.l(_printf_percent_end.o)
    0x08000264   0x08000264   0x00000002   Code   RO         2782    .ARM.Collect$$libinit$$00000000  c_w.l(libinit.o)
    0x08000266   0x08000266   0x00000004   Code   RO         2587    .ARM.Collect$$libinit$$00000001  c_w.l(libinit2.o)
    0x0800026a   0x0800026a   0x00000000   Code   RO         2590    .ARM.Collect$$libinit$$00000004  c_w.l(libinit2.o)
    0x0800026a   0x0800026a   0x00000000   Code   RO         2592    .ARM.Collect$$libinit$$00000006  c_w.l(libinit2.o)
    0x0800026a   0x0800026a   0x00000008   Code   RO         2593    .ARM.Collect$$libinit$$00000007  c_w.l(libinit2.o)
    0x08000272   0x08000272   0x00000000   Code   RO         2595    .ARM.Collect$$libinit$$0000000C  c_w.l(libinit2.o)
    0x08000272   0x08000272   0x00000000   Code   RO         2597    .ARM.Collect$$libinit$$0000000E  c_w.l(libinit2.o)
    0x08000272   0x08000272   0x00000000   Code   RO         2599    .ARM.Collect$$libinit$$00000010  c_w.l(libinit2.o)
    0x08000272   0x08000272   0x00000006   Code   RO         2600    .ARM.Collect$$libinit$$00000011  c_w.l(libinit2.o)
    0x08000278   0x08000278   0x00000000   Code   RO         2602    .ARM.Collect$$libinit$$00000013  c_w.l(libinit2.o)
    0x08000278   0x08000278   0x0000000c   Code   RO         2603    .ARM.Collect$$libinit$$00000014  c_w.l(libinit2.o)
    0x08000284   0x08000284   0x00000000   Code   RO         2604    .ARM.Collect$$libinit$$00000015  c_w.l(libinit2.o)
    0x08000284   0x08000284   0x00000000   Code   RO         2606    .ARM.Collect$$libinit$$00000017  c_w.l(libinit2.o)
    0x08000284   0x08000284   0x0000000a   Code   RO         2607    .ARM.Collect$$libinit$$00000018  c_w.l(libinit2.o)
    0x0800028e   0x0800028e   0x00000000   Code   RO         2608    .ARM.Collect$$libinit$$00000019  c_w.l(libinit2.o)
    0x0800028e   0x0800028e   0x00000000   Code   RO         2610    .ARM.Collect$$libinit$$0000001B  c_w.l(libinit2.o)
    0x0800028e   0x0800028e   0x00000000   Code   RO         2612    .ARM.Collect$$libinit$$0000001D  c_w.l(libinit2.o)
    0x0800028e   0x0800028e   0x00000000   Code   RO         2614    .ARM.Collect$$libinit$$0000001F  c_w.l(libinit2.o)
    0x0800028e   0x0800028e   0x00000000   Code   RO         2616    .ARM.Collect$$libinit$$00000021  c_w.l(libinit2.o)
    0x0800028e   0x0800028e   0x00000000   Code   RO         2618    .ARM.Collect$$libinit$$00000023  c_w.l(libinit2.o)
    0x0800028e   0x0800028e   0x00000000   Code   RO         2620    .ARM.Collect$$libinit$$00000025  c_w.l(libinit2.o)
    0x0800028e   0x0800028e   0x00000000   Code   RO         2622    .ARM.Collect$$libinit$$00000027  c_w.l(libinit2.o)
    0x0800028e   0x0800028e   0x00000000   Code   RO         2626    .ARM.Collect$$libinit$$0000002E  c_w.l(libinit2.o)
    0x0800028e   0x0800028e   0x00000000   Code   RO         2628    .ARM.Collect$$libinit$$00000030  c_w.l(libinit2.o)
    0x0800028e   0x0800028e   0x00000000   Code   RO         2630    .ARM.Collect$$libinit$$00000032  c_w.l(libinit2.o)
    0x0800028e   0x0800028e   0x00000000   Code   RO         2632    .ARM.Collect$$libinit$$00000034  c_w.l(libinit2.o)
    0x0800028e   0x0800028e   0x00000002   Code   RO         2633    .ARM.Collect$$libinit$$00000035  c_w.l(libinit2.o)
    0x08000290   0x08000290   0x00000002   Code   RO         2881    .ARM.Collect$$libshutdown$$00000000  c_w.l(libshutdown.o)
    0x08000292   0x08000292   0x00000000   Code   RO         2801    .ARM.Collect$$libshutdown$$00000002  c_w.l(libshutdown2.o)
    0x08000292   0x08000292   0x00000000   Code   RO         2803    .ARM.Collect$$libshutdown$$00000004  c_w.l(libshutdown2.o)
    0x08000292   0x08000292   0x00000000   Code   RO         2806    .ARM.Collect$$libshutdown$$00000007  c_w.l(libshutdown2.o)
    0x08000292   0x08000292   0x00000000   Code   RO         2809    .ARM.Collect$$libshutdown$$0000000A  c_w.l(libshutdown2.o)
    0x08000292   0x08000292   0x00000000   Code   RO         2811    .ARM.Collect$$libshutdown$$0000000C  c_w.l(libshutdown2.o)
    0x08000292   0x08000292   0x00000000   Code   RO         2814    .ARM.Collect$$libshutdown$$0000000F  c_w.l(libshutdown2.o)
    0x08000292   0x08000292   0x00000002   Code   RO         2815    .ARM.Collect$$libshutdown$$00000010  c_w.l(libshutdown2.o)
    0x08000294   0x08000294   0x00000000   Code   RO         2535    .ARM.Collect$$rtentry$$00000000  c_w.l(__rtentry.o)
    0x08000294   0x08000294   0x00000000   Code   RO         2651    .ARM.Collect$$rtentry$$00000002  c_w.l(__rtentry2.o)
    0x08000294   0x08000294   0x00000006   Code   RO         2663    .ARM.Collect$$rtentry$$00000004  c_w.l(__rtentry4.o)
    0x0800029a   0x0800029a   0x00000000   Code   RO         2653    .ARM.Collect$$rtentry$$00000009  c_w.l(__rtentry2.o)
    0x0800029a   0x0800029a   0x00000004   Code   RO         2654    .ARM.Collect$$rtentry$$0000000A  c_w.l(__rtentry2.o)
    0x0800029e   0x0800029e   0x00000000   Code   RO         2656    .ARM.Collect$$rtentry$$0000000C  c_w.l(__rtentry2.o)
    0x0800029e   0x0800029e   0x00000008   Code   RO         2657    .ARM.Collect$$rtentry$$0000000D  c_w.l(__rtentry2.o)
    0x080002a6   0x080002a6   0x00000002   Code   RO         2783    .ARM.Collect$$rtexit$$00000000  c_w.l(rtexit.o)
    0x080002a8   0x080002a8   0x00000000   Code   RO         2839    .ARM.Collect$$rtexit$$00000002  c_w.l(rtexit2.o)
    0x080002a8   0x080002a8   0x00000004   Code   RO         2840    .ARM.Collect$$rtexit$$00000003  c_w.l(rtexit2.o)
    0x080002ac   0x080002ac   0x00000006   Code   RO         2841    .ARM.Collect$$rtexit$$00000004  c_w.l(rtexit2.o)
    0x080002b2   0x080002b2   0x00000002   PAD
    0x080002b4   0x080002b4   0x00000040   Code   RO         1991    .text               startup_gd32f407_427.o
    0x080002f4   0x080002f4   0x0000005e   Code   RO         2356    .text               c_w.l(h1_alloc.o)
    0x08000352   0x08000352   0x0000004e   Code   RO         2358    .text               c_w.l(h1_free.o)
    0x080003a0   0x080003a0   0x00000018   Code   RO         2418    .text               c_w.l(noretval__2printf.o)
    0x080003b8   0x080003b8   0x00000028   Code   RO         2420    .text               c_w.l(noretval__2sprintf.o)
    0x080003e0   0x080003e0   0x0000004e   Code   RO         2424    .text               c_w.l(_printf_pad.o)
    0x0800042e   0x0800042e   0x00000052   Code   RO         2426    .text               c_w.l(_printf_str.o)
    0x08000480   0x08000480   0x00000078   Code   RO         2428    .text               c_w.l(_printf_dec.o)
    0x080004f8   0x080004f8   0x00000058   Code   RO         2433    .text               c_w.l(_printf_hex_int.o)
    0x08000550   0x08000550   0x00000188   Code   RO         2468    .text               c_w.l(__printf_flags_ss_wp.o)
    0x080006d8   0x080006d8   0x0000000c   Code   RO         2478    .text               c_w.l(putchar.o)
    0x080006e4   0x080006e4   0x0000002c   Code   RO         2480    .text               c_w.l(puts.o)
    0x08000710   0x08000710   0x0000000c   Code   RO         2482    .text               c_w.l(strtok.o)
    0x0800071c   0x0800071c   0x00000014   Code   RO         2485    .text               c_w.l(strchr.o)
    0x08000730   0x08000730   0x00000020   Code   RO         2487    .text               c_w.l(strcspn.o)
    0x08000750   0x08000750   0x00000024   Code   RO         2489    .text               c_w.l(strstr.o)
    0x08000774   0x08000774   0x00000048   Code   RO         2491    .text               c_w.l(strcpy.o)
    0x080007bc   0x080007bc   0x0000003e   Code   RO         2493    .text               c_w.l(strlen.o)
    0x080007fa   0x080007fa   0x0000008a   Code   RO         2495    .text               c_w.l(rt_memcpy_v6.o)
    0x08000884   0x08000884   0x00000064   Code   RO         2497    .text               c_w.l(rt_memcpy_w.o)
    0x080008e8   0x080008e8   0x00000044   Code   RO         2499    .text               c_w.l(rt_memclr.o)
    0x0800092c   0x0800092c   0x0000004e   Code   RO         2501    .text               c_w.l(rt_memclr_w.o)
    0x0800097a   0x0800097a   0x00000006   Code   RO         2505    .text               c_w.l(heapauxi.o)
    0x08000980   0x08000980   0x00000008   Code   RO         2539    .text               c_w.l(rt_heap_descriptor_intlibspace.o)
    0x08000988   0x08000988   0x00000008   Code   RO         2544    .text               c_w.l(rt_errno_addr_intlibspace.o)
    0x08000990   0x08000990   0x00000004   Code   RO         2546    .text               c_w.l(hguard.o)
    0x08000994   0x08000994   0x0000008a   Code   RO         2548    .text               c_w.l(init_alloc.o)
    0x08000a1e   0x08000a1e   0x0000000c   Code   RO         2552    .text               c_w.l(h1_init.o)
    0x08000a2a   0x08000a2a   0x000000b2   Code   RO         2564    .text               c_w.l(_printf_intcommon.o)
    0x08000adc   0x08000adc   0x0000041c   Code   RO         2566    .text               c_w.l(_printf_fp_dec.o)
    0x08000ef8   0x08000ef8   0x00000030   Code   RO         2570    .text               c_w.l(_printf_char_common.o)
    0x08000f28   0x08000f28   0x0000000a   Code   RO         2572    .text               c_w.l(_sputc.o)
    0x08000f32   0x08000f32   0x0000002c   Code   RO         2574    .text               c_w.l(_printf_char.o)
    0x08000f5e   0x08000f5e   0x00000002   PAD
    0x08000f60   0x08000f60   0x00000024   Code   RO         2576    .text               c_w.l(_printf_char_file.o)
    0x08000f84   0x08000f84   0x000000b0   Code   RO         2579    .text               c_w.l(strtod.o)
    0x08001034   0x08001034   0x00000044   Code   RO         2583    .text               c_w.l(strtok_int.o)
    0x08001078   0x08001078   0x00000008   Code   RO         2647    .text               c_w.l(libspace.o)
    0x08001080   0x08001080   0x00000010   Code   RO         2665    .text               c_w.l(rt_ctype_table.o)
    0x08001090   0x08001090   0x00000008   Code   RO         2670    .text               c_w.l(rt_locale_intlibspace.o)
    0x08001098   0x08001098   0x00000000   Code   RO         2674    .text               c_w.l(maybetermalloc1.o)
    0x08001098   0x08001098   0x00000034   Code   RO         2676    .text               c_w.l(h1_extend.o)
    0x080010cc   0x080010cc   0x0000008a   Code   RO         2680    .text               c_w.l(lludiv10.o)
    0x08001156   0x08001156   0x00000012   Code   RO         2682    .text               c_w.l(isspace.o)
    0x08001168   0x08001168   0x00000080   Code   RO         2684    .text               c_w.l(_printf_fp_infnan.o)
    0x080011e8   0x080011e8   0x00000040   Code   RO         2688    .text               c_w.l(_sgetc.o)
    0x08001228   0x08001228   0x000000e4   Code   RO         2692    .text               c_w.l(bigflt0.o)
    0x0800130c   0x0800130c   0x00000008   Code   RO         2719    .text               c_w.l(ferror.o)
    0x08001314   0x08001314   0x0000000e   Code   RO         2726    .text               c_w.l(defsig_rtmem_outer.o)
    0x08001322   0x08001322   0x0000001c   Code   RO         2730    .text               c_w.l(strspn.o)
    0x0800133e   0x0800133e   0x00000002   Code   RO         2745    .text               c_w.l(use_no_semi.o)
    0x08001340   0x08001340   0x00000000   Code   RO         2747    .text               c_w.l(indicate_semi.o)
    0x08001340   0x08001340   0x0000004a   Code   RO         2748    .text               c_w.l(sys_stackheap_outer.o)
    0x0800138a   0x0800138a   0x0000001c   Code   RO         2754    .text               c_w.l(_chval.o)
    0x080013a6   0x080013a6   0x00000002   PAD
    0x080013a8   0x080013a8   0x000004f8   Code   RO         2756    .text               c_w.l(scanf_fp.o)
    0x080018a0   0x080018a0   0x00000012   Code   RO         2765    .text               c_w.l(exit.o)
    0x080018b2   0x080018b2   0x0000000a   Code   RO         2767    .text               c_w.l(defsig_exit.o)
    0x080018bc   0x080018bc   0x00000050   Code   RO         2769    .text               c_w.l(defsig_rtmem_inner.o)
    0x0800190c   0x0800190c   0x00000004   PAD
    0x08001910   0x08001910   0x0000007c   Code   RO         2771    .text               c_w.l(strcmpv7em.o)
    0x0800198c   0x0800198c   0x00000026   Code   RO         2789    .text               c_w.l(llshl.o)
    0x080019b2   0x080019b2   0x00000032   Code   RO         2798    .text               c_w.l(defsig_general.o)
    0x080019e4   0x080019e4   0x0000000e   Code   RO         2834    .text               c_w.l(sys_wrch.o)
    0x080019f2   0x080019f2   0x00000016   Code   RO         2845    .text               c_w.l(_rserrno.o)
    0x08001a08   0x08001a08   0x00000320   Code   RO         2847    .text               c_w.l(scanf_hexfp.o)
    0x08001d28   0x08001d28   0x00000134   Code   RO         2849    .text               c_w.l(scanf_infnan.o)
    0x08001e5c   0x08001e5c   0x000000ca   Code   RO         2292    .text.ADC_config    adc.o
    0x08001f26   0x08001f26   0x00000002   PAD
    0x08001f28   0x08001f28   0x00000002   Code   RO         2056    .text.BusFault_Handler  board.o
    0x08001f2a   0x08001f2a   0x00000002   PAD
    0x08001f2c   0x08001f2c   0x0000003e   Code   RO         2155    .text.Clear_Aliyun_json_data  bsp_esp01s.o
    0x08001f6a   0x08001f6a   0x00000002   PAD
    0x08001f6c   0x08001f6c   0x00000036   Code   RO         2109    .text.DHT11_GPIO_Init  dht11.o
    0x08001fa2   0x08001fa2   0x00000006   PAD
    0x08001fa8   0x08001fa8   0x000001a0   Code   RO         2115    .text.DHT11_Read_Data  dht11.o
    0x08002148   0x08002148   0x0000006a   Code   RO         2294    .text.DMA_config    adc.o
    0x080021b2   0x080021b2   0x00000002   PAD
    0x080021b4   0x080021b4   0x000000cc   Code   RO         2309    .text.GPS_GPIO_Init  bsp_gps.o
    0x08002280   0x08002280   0x000000f8   Code   RO         2153    .text.Get_Aliyun_json_data  bsp_esp01s.o
    0x08002378   0x08002378   0x0000006c   Code   RO         2298    .text.Get_Percentage_value  adc.o
    0x080023e4   0x080023e4   0x0000000e   Code   RO         2119    .text.Get_humidity  dht11.o
    0x080023f2   0x080023f2   0x00000002   PAD
    0x080023f4   0x080023f4   0x0000000e   Code   RO         2117    .text.Get_temperature  dht11.o
    0x08002402   0x08002402   0x00000002   PAD
    0x08002404   0x08002404   0x00000002   Code   RO         2052    .text.HardFault_Handler  board.o
    0x08002406   0x08002406   0x00000002   PAD
    0x08002408   0x08002408   0x00000002   Code   RO         2054    .text.MemManage_Handler  board.o
    0x0800240a   0x0800240a   0x00000002   PAD
    0x0800240c   0x0800240c   0x00000002   Code   RO         2050    .text.NMI_Handler   board.o
    0x0800240e   0x0800240e   0x00000002   PAD
    0x08002410   0x08002410   0x00000034   Code   RO         2239    .text.OLED_Clear    oled.o
    0x08002444   0x08002444   0x0000017e   Code   RO         2261    .text.OLED_Init     oled.o
    0x080025c2   0x080025c2   0x00000002   PAD
    0x080025c4   0x080025c4   0x00000174   Code   RO         2237    .text.OLED_Refresh  oled.o
    0x08002738   0x08002738   0x0000013c   Code   RO         2247    .text.OLED_ShowChar  oled.o
    0x08002874   0x08002874   0x0000009c   Code   RO         2253    .text.OLED_ShowNum  oled.o
    0x08002910   0x08002910   0x00000054   Code   RO         2249    .text.OLED_ShowString  oled.o
    0x08002964   0x08002964   0x0000013a   Code   RO         2219    .text.OLED_WR_Byte  oled.o
    0x08002a9e   0x08002a9e   0x00000002   PAD
    0x08002aa0   0x08002aa0   0x0000026c   Code   RO         2157    .text.Publish_MQTT_message  bsp_esp01s.o
    0x08002d0c   0x08002d0c   0x0000004e   Code   RO         2231    .text.Send_Byte     oled.o
    0x08002d5a   0x08002d5a   0x00000002   PAD
    0x08002d5c   0x08002d5c   0x00000012   Code   RO         2064    .text.SysTick_Handler  board.o
    0x08002d6e   0x08002d6e   0x00000002   PAD
    0x08002d70   0x08002d70   0x00000156   Code   RO         2037    .text.SystemInit    system_gd32f4xx.o
    0x08002ec6   0x08002ec6   0x00000002   PAD
    0x08002ec8   0x08002ec8   0x00000090   Code   RO           10    .text.TIMER2_IRQHandler  main.o
    0x08002f58   0x08002f58   0x00000028   Code   RO            8    .text.TIMER5_DAC_IRQHandler  main.o
    0x08002f80   0x08002f80   0x00000076   Code   RO         2095    .text.USART0_IRQHandler  bsp_uart.o
    0x08002ff6   0x08002ff6   0x00000002   PAD
    0x08002ff8   0x08002ff8   0x0000008a   Code   RO         2159    .text.USART1_IRQHandler  bsp_esp01s.o
    0x08003082   0x08003082   0x00000002   PAD
    0x08003084   0x08003084   0x000000aa   Code   RO         2321    .text.USART2_IRQHandler  bsp_gps.o
    0x0800312e   0x0800312e   0x00000002   PAD
    0x08003130   0x08003130   0x00000002   Code   RO         2058    .text.UsageFault_Handler  board.o
    0x08003132   0x08003132   0x00000002   PAD
    0x08003134   0x08003134   0x00000008   Code   RO         2141    .text.WIFI_ESP01S_Init  bsp_esp01s.o
    0x0800313c   0x0800313c   0x00000754   Code   RO         2151    .text.WIFI_MODE_STA_Aliyun_Init  bsp_esp01s.o
    0x08003890   0x08003890   0x000000c4   Code   RO         2131    .text.WIFI_USART_Init  bsp_esp01s.o
    0x08003954   0x08003954   0x00000002   Code   RO         2091    .text._sys_exit     bsp_uart.o
    0x08003956   0x08003956   0x00000002   PAD
    0x08003958   0x08003958   0x00000020   Code   RO           48    .text.adc_calibration_enable  gd32f4xx_adc.o
    0x08003978   0x08003978   0x00000046   Code   RO           70    .text.adc_channel_length_config  gd32f4xx_adc.o
    0x080039be   0x080039be   0x00000002   PAD
    0x080039c0   0x080039c0   0x00000018   Code   RO           38    .text.adc_clock_config  gd32f4xx_adc.o
    0x080039d8   0x080039d8   0x00000012   Code   RO           42    .text.adc_data_alignment_config  gd32f4xx_adc.o
    0x080039ea   0x080039ea   0x00000002   PAD
    0x080039ec   0x080039ec   0x00000016   Code   RO           36    .text.adc_deinit    gd32f4xx_adc.o
    0x08003a02   0x08003a02   0x00000002   PAD
    0x08003a04   0x08003a04   0x0000000a   Code   RO           60    .text.adc_dma_mode_enable  gd32f4xx_adc.o
    0x08003a0e   0x08003a0e   0x00000002   PAD
    0x08003a10   0x08003a10   0x0000000a   Code   RO           64    .text.adc_dma_request_after_last_enable  gd32f4xx_adc.o
    0x08003a1a   0x08003a1a   0x00000002   PAD
    0x08003a1c   0x08003a1c   0x00000012   Code   RO           44    .text.adc_enable    gd32f4xx_adc.o
    0x08003a2e   0x08003a2e   0x00000002   PAD
    0x08003a30   0x08003a30   0x0000002e   Code   RO           80    .text.adc_external_trigger_config  gd32f4xx_adc.o
    0x08003a5e   0x08003a5e   0x00000002   PAD
    0x08003a60   0x08003a60   0x00000074   Code   RO           72    .text.adc_routine_channel_config  gd32f4xx_adc.o
    0x08003ad4   0x08003ad4   0x0000001c   Code   RO           82    .text.adc_software_trigger_enable  gd32f4xx_adc.o
    0x08003af0   0x08003af0   0x0000005a   Code   RO           40    .text.adc_special_function_config  gd32f4xx_adc.o
    0x08003b4a   0x08003b4a   0x00000002   PAD
    0x08003b4c   0x08003b4c   0x00000018   Code   RO          116    .text.adc_sync_mode_config  gd32f4xx_adc.o
    0x08003b64   0x08003b64   0x00000052   Code   RO         2068    .text.board_init    board.o
    0x08003bb6   0x08003bb6   0x00000002   PAD
    0x08003bb8   0x08003bb8   0x000000c0   Code   RO         2334    .text.bsp_pwm_init  bump.o
    0x08003c78   0x08003c78   0x00000062   Code   RO         2280    .text.bsp_timer_init1  time.o
    0x08003cda   0x08003cda   0x00000002   PAD
    0x08003cdc   0x08003cdc   0x00000062   Code   RO         2282    .text.bsp_timer_init2  time.o
    0x08003d3e   0x08003d3e   0x00000002   PAD
    0x08003d40   0x08003d40   0x00000012   Code   RO         2319    .text.clrStruct     bsp_gps.o
    0x08003d52   0x08003d52   0x00000002   PAD
    0x08003d54   0x08003d54   0x00000054   Code   RO         2072    .text.delay_ms      board.o
    0x08003da8   0x08003da8   0x0000004c   Code   RO         2070    .text.delay_us      board.o
    0x08003df4   0x08003df4   0x00000012   Code   RO          452    .text.dma_channel_enable  gd32f4xx_dma.o
    0x08003e06   0x08003e06   0x00000002   PAD
    0x08003e08   0x08003e08   0x00000012   Code   RO          448    .text.dma_circulation_enable  gd32f4xx_dma.o
    0x08003e1a   0x08003e1a   0x00000002   PAD
    0x08003e1c   0x08003e1c   0x0000004c   Code   RO          416    .text.dma_deinit    gd32f4xx_dma.o
    0x08003e68   0x08003e68   0x00000088   Code   RO          422    .text.dma_single_data_mode_init  gd32f4xx_dma.o
    0x08003ef0   0x08003ef0   0x00000024   Code   RO         2093    .text.fputc         bsp_uart.o
    0x08003f14   0x08003f14   0x0000006e   Code   RO          946    .text.gpio_af_set   gd32f4xx_gpio.o
    0x08003f82   0x08003f82   0x00000002   PAD
    0x08003f84   0x08003f84   0x00000004   Code   RO          930    .text.gpio_bit_set  gd32f4xx_gpio.o
    0x08003f88   0x08003f88   0x0000000c   Code   RO          934    .text.gpio_bit_write  gd32f4xx_gpio.o
    0x08003f94   0x08003f94   0x0000000a   Code   RO          938    .text.gpio_input_bit_get  gd32f4xx_gpio.o
    0x08003f9e   0x08003f9e   0x00000002   PAD
    0x08003fa0   0x08003fa0   0x00000054   Code   RO          926    .text.gpio_mode_set  gd32f4xx_gpio.o
    0x08003ff4   0x08003ff4   0x00000046   Code   RO          928    .text.gpio_output_options_set  gd32f4xx_gpio.o
    0x0800403a   0x0800403a   0x00000002   PAD
    0x0800403c   0x0800403c   0x00000156   Code   RO         2189    .text.hmac_sha1     hmacsha1.o
    0x08004192   0x08004192   0x00000006   PAD
    0x08004198   0x08004198   0x000003b4   Code   RO            2    .text.main          main.o
    0x0800454c   0x0800454c   0x000000a4   Code   RO         1130    .text.nvic_irq_enable  gd32f4xx_misc.o
    0x080045f0   0x080045f0   0x00000014   Code   RO         1128    .text.nvic_priority_group_set  gd32f4xx_misc.o
    0x08004604   0x08004604   0x000000e0   Code   RO            4    .text.parseGpsBuffer  main.o
    0x080046e4   0x080046e4   0x000000d8   Code   RO         2336    .text.pid_update    bump.o
    0x080047bc   0x080047bc   0x000000c8   Code   RO            6    .text.printGpsBuffer  main.o
    0x08004884   0x08004884   0x000000bc   Code   RO         1286    .text.rcu_clock_freq_get  gd32f4xx_rcu.o
    0x08004940   0x08004940   0x0000001e   Code   RO         1208    .text.rcu_periph_clock_enable  gd32f4xx_rcu.o
    0x0800495e   0x0800495e   0x00000002   PAD
    0x08004960   0x08004960   0x00000020   Code   RO         1218    .text.rcu_periph_reset_disable  gd32f4xx_rcu.o
    0x08004980   0x08004980   0x0000001e   Code   RO         1216    .text.rcu_periph_reset_enable  gd32f4xx_rcu.o
    0x0800499e   0x0800499e   0x00000002   PAD
    0x080049a0   0x080049a0   0x00000022   Code   RO         1254    .text.rcu_timer_clock_prescaler_config  gd32f4xx_rcu.o
    0x080049c2   0x080049c2   0x00000002   PAD
    0x080049c4   0x080049c4   0x0000023c   Code   RO         2187    .text.sha1          hmacsha1.o
    0x08004c00   0x08004c00   0x0000003e   Code   RO         2008    .text.soft_timer_tick  soft_timer.o
    0x08004c3e   0x08004c3e   0x00000002   PAD
    0x08004c40   0x08004c40   0x0000000a   Code   RO         1621    .text.timer_auto_reload_shadow_enable  gd32f4xx_timer.o
    0x08004c4a   0x08004c4a   0x00000002   PAD
    0x08004c4c   0x08004c4c   0x000001f4   Code   RO         1681    .text.timer_channel_output_config  gd32f4xx_timer.o
    0x08004e40   0x08004e40   0x00000038   Code   RO         1683    .text.timer_channel_output_mode_config  gd32f4xx_timer.o
    0x08004e78   0x08004e78   0x0000000c   Code   RO         1685    .text.timer_channel_output_pulse_value_config  gd32f4xx_timer.o
    0x08004e84   0x08004e84   0x00000038   Code   RO         1687    .text.timer_channel_output_shadow_config  gd32f4xx_timer.o
    0x08004ebc   0x08004ebc   0x0000000a   Code   RO         1679    .text.timer_channel_output_struct_para_init  gd32f4xx_timer.o
    0x08004ec6   0x08004ec6   0x00000002   PAD
    0x08004ec8   0x08004ec8   0x00000146   Code   RO         1611    .text.timer_deinit  gd32f4xx_timer.o
    0x0800500e   0x0800500e   0x00000002   PAD
    0x08005010   0x08005010   0x0000000a   Code   RO         1617    .text.timer_enable  gd32f4xx_timer.o
    0x0800501a   0x0800501a   0x00000002   PAD
    0x0800501c   0x0800501c   0x000000aa   Code   RO         1615    .text.timer_init    gd32f4xx_timer.o
    0x080050c6   0x080050c6   0x00000002   PAD
    0x080050c8   0x080050c8   0x00000008   Code   RO         1747    .text.timer_interrupt_enable  gd32f4xx_timer.o
    0x080050d0   0x080050d0   0x00000006   Code   RO         1753    .text.timer_interrupt_flag_clear  gd32f4xx_timer.o
    0x080050d6   0x080050d6   0x00000002   PAD
    0x080050d8   0x080050d8   0x00000016   Code   RO         1751    .text.timer_interrupt_flag_get  gd32f4xx_timer.o
    0x080050ee   0x080050ee   0x00000002   PAD
    0x080050f0   0x080050f0   0x000000be   Code   RO         1851    .text.usart_baudrate_set  gd32f4xx_usart.o
    0x080051ae   0x080051ae   0x00000002   PAD
    0x080051b0   0x080051b0   0x00000008   Code   RO         1883    .text.usart_data_receive  gd32f4xx_usart.o
    0x080051b8   0x080051b8   0x00000008   Code   RO         1881    .text.usart_data_transmit  gd32f4xx_usart.o
    0x080051c0   0x080051c0   0x000000c8   Code   RO         1849    .text.usart_deinit  gd32f4xx_usart.o
    0x08005288   0x08005288   0x0000000a   Code   RO         1859    .text.usart_enable  gd32f4xx_usart.o
    0x08005292   0x08005292   0x00000002   PAD
    0x08005294   0x08005294   0x00000010   Code   RO         1947    .text.usart_flag_get  gd32f4xx_usart.o
    0x080052a4   0x080052a4   0x000000d6   Code   RO         2083    .text.usart_gpio_config  bsp_uart.o
    0x0800537a   0x0800537a   0x00000002   PAD
    0x0800537c   0x0800537c   0x00000016   Code   RO         1951    .text.usart_interrupt_enable  gd32f4xx_usart.o
    0x08005392   0x08005392   0x00000002   PAD
    0x08005394   0x08005394   0x00000018   Code   RO         1957    .text.usart_interrupt_flag_clear  gd32f4xx_usart.o
    0x080053ac   0x080053ac   0x00000022   Code   RO         1955    .text.usart_interrupt_flag_get  gd32f4xx_usart.o
    0x080053ce   0x080053ce   0x00000002   PAD
    0x080053d0   0x080053d0   0x00000010   Code   RO         1853    .text.usart_parity_config  gd32f4xx_usart.o
    0x080053e0   0x080053e0   0x0000000c   Code   RO         1865    .text.usart_receive_config  gd32f4xx_usart.o
    0x080053ec   0x080053ec   0x00000010   Code   RO         1857    .text.usart_stop_bit_set  gd32f4xx_usart.o
    0x080053fc   0x080053fc   0x0000000c   Code   RO         1863    .text.usart_transmit_config  gd32f4xx_usart.o
    0x08005408   0x08005408   0x00000010   Code   RO         1855    .text.usart_word_length_set  gd32f4xx_usart.o
    0x08005418   0x08005418   0x0000003e   Code   RO         2695    CL$$btod_d2e        c_w.l(btod.o)
    0x08005456   0x08005456   0x00000046   Code   RO         2697    CL$$btod_d2e_denorm_low  c_w.l(btod.o)
    0x0800549c   0x0800549c   0x00000060   Code   RO         2696    CL$$btod_d2e_norm_op1  c_w.l(btod.o)
    0x080054fc   0x080054fc   0x00000338   Code   RO         2705    CL$$btod_div_common  c_w.l(btod.o)
    0x08005834   0x08005834   0x00000084   Code   RO         2703    CL$$btod_e2d        c_w.l(btod.o)
    0x080058b8   0x080058b8   0x000000dc   Code   RO         2702    CL$$btod_e2e        c_w.l(btod.o)
    0x08005994   0x08005994   0x0000002a   Code   RO         2699    CL$$btod_ediv       c_w.l(btod.o)
    0x080059be   0x080059be   0x0000002a   Code   RO         2701    CL$$btod_edivd      c_w.l(btod.o)
    0x080059e8   0x080059e8   0x0000002a   Code   RO         2698    CL$$btod_emul       c_w.l(btod.o)
    0x08005a12   0x08005a12   0x0000002a   Code   RO         2700    CL$$btod_emuld      c_w.l(btod.o)
    0x08005a3c   0x08005a3c   0x00000244   Code   RO         2704    CL$$btod_mult_common  c_w.l(btod.o)
    0x08005c80   0x08005c80   0x00000030   Code   RO         2743    i.__ARM_fpclassify  m_wm.l(fpclassify.o)
    0x08005cb0   0x08005cb0   0x000000f8   Code   RO         2826    i.__hardfp___mathlib_tofloat  m_wm.l(narrow.o)
    0x08005da8   0x08005da8   0x000000d0   Code   RO         2886    i.__hardfp_ldexp    m_wm.l(ldexp.o)
    0x08005e78   0x08005e78   0x00000028   Code   RO         2527    i.__hardfp_strtod   m_wm.l(strtod.o)
    0x08005ea0   0x08005ea0   0x00000020   Code   RO         2900    i.__mathlib_dbl_overflow  m_wm.l(dunder.o)
    0x08005ec0   0x08005ec0   0x00000020   Code   RO         2902    i.__mathlib_dbl_underflow  m_wm.l(dunder.o)
    0x08005ee0   0x08005ee0   0x00000012   Code   RO         2827    i.__mathlib_narrow  m_wm.l(narrow.o)
    0x08005ef2   0x08005ef2   0x00000014   Code   RO         2888    i.__support_ldexp   m_wm.l(ldexp.o)
    0x08005f06   0x08005f06   0x0000000e   Code   RO         2461    i._is_digit         c_w.l(__printf_wp.o)
    0x08005f14   0x08005f14   0x00000004   PAD
    0x08005f18   0x08005f18   0x0000008c   Code   RO         2859    i.frexp             m_wm.l(frexp.o)
    0x08005fa4   0x08005fa4   0x0000002c   Code   RO         2724    locale$$code        c_w.l(lc_numeric_c.o)
    0x08005fd0   0x08005fd0   0x0000002c   Code   RO         2763    locale$$code        c_w.l(lc_ctype_c.o)
    0x08005ffc   0x08005ffc   0x00000062   Code   RO         2509    x$fpl$d2f           fz_wm.l(d2f.o)
    0x0800605e   0x0800605e   0x00000002   PAD
    0x08006060   0x08006060   0x00000010   Code   RO         2916    x$fpl$dcheck1       fz_wm.l(dcheck1.o)
    0x08006070   0x08006070   0x00000018   Code   RO         2882    x$fpl$dcmpinf       fz_wm.l(dcmpi.o)
    0x08006088   0x08006088   0x000002b4   Code   RO         2512    x$fpl$ddiv          fz_wm.l(ddiv.o)
    0x0800633c   0x0800633c   0x00000078   Code   RO         2853    x$fpl$deqf          fz_wm.l(deqf.o)
    0x080063b4   0x080063b4   0x000000a2   Code   RO         2515    x$fpl$dfltll        fz_wm.l(dfltll_clz.o)
    0x08006456   0x08006456   0x00000002   PAD
    0x08006458   0x08006458   0x00000078   Code   RO         2884    x$fpl$dleqf         fz_wm.l(dleqf.o)
    0x080064d0   0x080064d0   0x00000154   Code   RO         2519    x$fpl$dmul          fz_wm.l(dmul.o)
    0x08006624   0x08006624   0x0000009c   Code   RO         2634    x$fpl$dnaninf       fz_wm.l(dnaninf.o)
    0x080066c0   0x080066c0   0x0000000c   Code   RO         2636    x$fpl$dretinf       fz_wm.l(dretinf.o)
    0x080066cc   0x080066cc   0x0000006c   Code   RO         2855    x$fpl$drleqf        fz_wm.l(drleqf.o)
    0x08006738   0x08006738   0x00000056   Code   RO         2521    x$fpl$f2d           fz_wm.l(f2d.o)
    0x0800678e   0x0800678e   0x00000060   Code   RO         2523    x$fpl$ffltll        fz_wm.l(ffltll_clz.o)
    0x080067ee   0x080067ee   0x0000008c   Code   RO         2638    x$fpl$fnaninf       fz_wm.l(fnaninf.o)
    0x0800687a   0x0800687a   0x0000001a   Code   RO         2737    x$fpl$fpinit        fz_wm.l(fpinit.o)
    0x08006894   0x08006894   0x0000000a   Code   RO         2640    x$fpl$fretinf       fz_wm.l(fretinf.o)
    0x0800689e   0x0800689e   0x00000006   Code   RO         2739    x$fpl$ieeestatus    fz_wm.l(istatus.o)
    0x080068a4   0x080068a4   0x00000004   Code   RO         2525    x$fpl$printf1       fz_wm.l(printf1.o)
    0x080068a8   0x080068a8   0x00000064   Code   RO         2918    x$fpl$retnan        fz_wm.l(retnan.o)
    0x0800690c   0x0800690c   0x0000005c   Code   RO         2894    x$fpl$scalbn        fz_wm.l(scalbn.o)
    0x08006968   0x08006968   0x00000004   Code   RO         2741    x$fpl$scanf1        fz_wm.l(scanf1.o)
    0x0800696c   0x0800696c   0x00000008   Code   RO         2820    x$fpl$scanf2        fz_wm.l(scanf2.o)
    0x08006974   0x08006974   0x00000030   Code   RO         2920    x$fpl$trapveneer    fz_wm.l(trapv.o)
    0x080069a4   0x080069a4   0x00000000   Code   RO         2642    x$fpl$usenofp       fz_wm.l(usenofp.o)
    0x080069a4   0x080069a4   0x00000028   Data   RO         2434    .constdata          c_w.l(_printf_hex_int.o)
    0x080069cc   0x080069cc   0x00000011   Data   RO         2469    .constdata          c_w.l(__printf_flags_ss_wp.o)
    0x080069dd   0x080069dd   0x00000003   PAD
    0x080069e0   0x080069e0   0x00000094   Data   RO         2693    .constdata          c_w.l(bigflt0.o)
    0x08006a74   0x08006a74   0x00000228   Data   RO         2263    .rodata.asc2_0806   oled.o
    0x08006c9c   0x08006c9c   0x00000474   Data   RO         2264    .rodata.asc2_1206   oled.o
    0x08007110   0x08007110   0x000005f0   Data   RO         2265    .rodata.asc2_1608   oled.o
    0x08007700   0x08007700   0x00000d5c   Data   RO         2266    .rodata.asc2_2412   oled.o
    0x0800845c   0x0800845c   0x00000008   Data   RO         1298    .rodata.cst8        gd32f4xx_rcu.o
    0x08008464   0x08008464   0x00000006   Data   RO           26    .rodata.str1.1      main.o
    0x0800846a   0x0800846a   0x000001e4   Data   RO         2165    .rodata.str1.1      bsp_esp01s.o
    0x0800864e   0x0800864e   0x00000002   PAD
    0x08008650   0x08008650   0x00000020   Data   RO         2923    Region$$Table       anon$$obj.o
    0x08008670   0x08008670   0x00000008   Data   RO         2816    c$$dinf             fz_wm.l(fpconst.o)
    0x08008678   0x08008678   0x00000008   Data   RO         2819    c$$dmax             fz_wm.l(fpconst.o)
    0x08008680   0x08008680   0x0000001c   Data   RO         2723    locale$$data        c_w.l(lc_numeric_c.o)
    0x0800869c   0x0800869c   0x00000110   Data   RO         2762    locale$$data        c_w.l(lc_ctype_c.o)


    Execution Region RW_IRAM1 (Exec base: 0x20000000, Load base: 0x080087b0, Size: 0x000018a8, Max: 0x00070000, ABSOLUTE, COMPRESSED[0x000000a0])

    Exec Addr    Load Addr    Size         Type   Attr      Idx    E Section Name        Object

    0x20000000   COMPRESSED   0x00000004   Data   RW         2483    .data               c_w.l(strtok.o)
    0x20000004   COMPRESSED   0x00000001   Data   RW           17    .data.Send_Flag     main.o
    0x20000005   COMPRESSED   0x00000003   PAD
    0x20000008   COMPRESSED   0x00000004   Data   RW         2041    .data.SystemCoreClock  system_gd32f4xx.o
    0x2000000c   COMPRESSED   0x00000276   Data   RW         2166    .data.publish_mqtt_message  bsp_esp01s.o
    0x20000282   COMPRESSED   0x00000006   PAD
    0x20000288        -       0x00000060   Zero   RW         2648    .bss                c_w.l(libspace.o)
    0x200002e8        -       0x00000064   Zero   RW           23    .bss.EW_buff        main.o
    0x2000034c        -       0x000000ff   Zero   RW         2324    .bss.GPSRX_BUFF     bsp_gps.o
    0x2000044b        -       0x00000001   Zero   RW         2323    .bss.GPSRX_LEN      bsp_gps.o
    0x2000044c        -       0x00000064   Zero   RW           21    .bss.NS_buff        main.o
    0x200004b0        -       0x00000480   Zero   RW         2271    .bss.OLED_GRAM      oled.o
    0x20000930        -       0x00000079   Zero   RW         2325    .bss.Save_Data      bsp_gps.o
    0x200009a9   COMPRESSED   0x00000003   PAD
    0x200009ac        -       0x000000c8   Zero   RW         2164    .bss.WIFI_RX_BUFF   bsp_esp01s.o
    0x20000a74        -       0x00000001   Zero   RW         2161    .bss.WIFI_RX_FLAG   bsp_esp01s.o
    0x20000a75        -       0x00000001   Zero   RW         2162    .bss.WIFI_RX_LEN    bsp_esp01s.o
    0x20000a76   COMPRESSED   0x00000002   PAD
    0x20000a78        -       0x00000054   Zero   RW         2100    .bss.__stdout       bsp_uart.o
    0x20000acc        -       0x00000006   Zero   RW         2300    .bss.adc_value      adc.o
    0x20000ad2   COMPRESSED   0x00000002   PAD
    0x20000ad4        -       0x00000004   Zero   RW         2167    .bss.bump_Flag      bsp_esp01s.o
    0x20000ad8        -       0x00000004   Zero   RW           25    .bss.endptrlat      main.o
    0x20000adc        -       0x00000004   Zero   RW           24    .bss.endptrlon      main.o
    0x20000ae0        -       0x00000004   Zero   RW         2341    .bss.falme_flag     bump.o
    0x20000ae4        -       0x00000004   Zero   RW         2170    .bss.fire_Flag      bsp_esp01s.o
    0x20000ae8        -       0x00000400   Zero   RW         2099    .bss.g_recv_buff    bsp_uart.o
    0x20000ee8        -       0x00000001   Zero   RW         2098    .bss.g_recv_complete_flag  bsp_uart.o
    0x20000ee9   COMPRESSED   0x00000001   PAD
    0x20000eea        -       0x00000002   Zero   RW         2097    .bss.g_recv_length  bsp_uart.o
    0x20000eec        -       0x00000004   Zero   RW         2074    .bss.g_system_tick  board.o
    0x20000ef0        -       0x00000004   Zero   RW           19    .bss.gps_Flag       main.o
    0x20000ef4        -       0x00000004   Zero   RW         2122    .bss.humidity       dht11.o
    0x20000ef8        -       0x00000004   Zero   RW         2339    .bss.integral       bump.o
    0x20000efc        -       0x00000064   Zero   RW           20    .bss.lat_buff       main.o
    0x20000f60        -       0x00000008   Zero   RW         2169    .bss.lat_value      bsp_esp01s.o
    0x20000f68        -       0x00000064   Zero   RW           22    .bss.lon_buff       main.o
    0x20000fcc   COMPRESSED   0x00000004   PAD
    0x20000fd0        -       0x00000008   Zero   RW         2168    .bss.lon_value      bsp_esp01s.o
    0x20000fd8        -       0x00000004   Zero   RW         2340    .bss.output_pwm     bump.o
    0x20000fdc        -       0x00000004   Zero   RW         2338    .bss.previous_error  bump.o
    0x20000fe0        -       0x00000004   Zero   RW         2342    .bss.soil_flag      bump.o
    0x20000fe4        -       0x00000046   Zero   RW           15    .bss.sta_json_data  main.o
    0x2000102a   COMPRESSED   0x00000002   PAD
    0x2000102c        -       0x00000004   Zero   RW         2121    .bss.temperature    dht11.o
    0x20001030        -       0x00000078   Zero   RW         2010    .bss.timers         soft_timer.o
    0x200010a8        -       0x00000400   Zero   RW         1989    HEAP                startup_gd32f407_427.o
    0x200014a8        -       0x00000400   Zero   RW         1988    STACK               startup_gd32f407_427.o


==============================================================================

Image component sizes


      Code (inc. data)   RO Data    RW Data    ZI Data      Debug   Object Name

       416         12          0          0          6       3710   adc.o
       270          0          0          0          4       6359   board.o
      3148        340        484        630        226      18647   bsp_esp01s.o
       392          0          0          0        377       6720   bsp_gps.o
       370          0          0          0       1111       6859   bsp_uart.o
       408         24          0          0         20       3479   bump.o
       498          8          0          0          8       3784   dht11.o
       508          0          0          0          0      11880   gd32f4xx_adc.o
       248          0          0          0          0      10931   gd32f4xx_dma.o
       290          0          0          0          0       5409   gd32f4xx_gpio.o
       184          0          0          0          0       3641   gd32f4xx_misc.o
       314         20          8          0          0      18956   gd32f4xx_rcu.o
      1186         12          0          0          0      21273   gd32f4xx_timer.o
       584          0          0          0          0      13439   gd32f4xx_usart.o
       914          0          0          0          0       6767   hmacsha1.o
      1556        210          6          1        482       3691   main.o
      1754          0       6632          0       1152      15239   oled.o
        62          0          0          0        120       2869   soft_timer.o
        64         26        392          0       2048       1012   startup_gd32f407_427.o
       342          0          0          4          0       2514   system_gd32f4xx.o
       196          0          0          0          0       4654   time.o

    ----------------------------------------------------------------------
     13820        652       7556        640       5572     171833   Object Totals
         0          0         32          0          0          0   (incl. Generated)
       116          0          2          5         18          0   (incl. Padding)

    ----------------------------------------------------------------------

      Code (inc. data)   RO Data    RW Data    ZI Data      Debug   Library Member Name

        58          0          0          0          0          0   __dczerorl.o
         8          0          0          0          0         68   __main.o
       392          4         17          0          0         92   __printf_flags_ss_wp.o
        14          0          0          0          0         68   __printf_wp.o
         0          0          0          0          0          0   __rtentry.o
        12          0          0          0          0          0   __rtentry2.o
         6          0          0          0          0          0   __rtentry4.o
        94          8          0          0          0          0   __scatter.o
        28          0          0          0          0          0   __scatter_zi.o
        28          0          0          0          0         68   _chval.o
        44          0          0          0          0        108   _printf_char.o
        48          6          0          0          0         96   _printf_char_common.o
        36          4          0          0          0         80   _printf_char_file.o
         6          0          0          0          0          0   _printf_d.o
       120         16          0          0          0         92   _printf_dec.o
         6          0          0          0          0          0   _printf_f.o
      1052          0          0          0          0        148   _printf_fp_dec.o
       128         16          0          0          0         84   _printf_fp_infnan.o
        88          4         40          0          0         88   _printf_hex_int.o
       178          0          0          0          0         88   _printf_intcommon.o
        78          0          0          0          0        108   _printf_pad.o
         0          0          0          0          0          0   _printf_percent.o
         4          0          0          0          0          0   _printf_percent_end.o
         6          0          0          0          0          0   _printf_s.o
        82          0          0          0          0         80   _printf_str.o
         6          0          0          0          0          0   _printf_x.o
        22          0          0          0          0        100   _rserrno.o
        64          0          0          0          0         84   _sgetc.o
        10          0          0          0          0         68   _sputc.o
       228          4        148          0          0         96   bigflt0.o
      2152        136          0          0          0        956   btod.o
        10          0          0          0          0         68   defsig_exit.o
        50          0          0          0          0         88   defsig_general.o
        80         58          0          0          0         76   defsig_rtmem_inner.o
        14          0          0          0          0         80   defsig_rtmem_outer.o
        18          0          0          0          0         80   exit.o
         8          0          0          0          0         68   ferror.o
        94          0          0          0          0         80   h1_alloc.o
        52          0          0          0          0         68   h1_extend.o
        78          0          0          0          0         80   h1_free.o
        12          0          0          0          0         84   h1_init.o
         6          0          0          0          0        152   heapauxi.o
         4          0          0          0          0        136   hguard.o
         0          0          0          0          0          0   indicate_semi.o
       138          0          0          0          0        168   init_alloc.o
        18          0          0          0          0         76   isspace.o
        44         10        272          0          0         76   lc_ctype_c.o
        44         10         28          0          0         76   lc_numeric_c.o
         2          0          0          0          0          0   libinit.o
        42          0          0          0          0          0   libinit2.o
         2          0          0          0          0          0   libshutdown.o
         2          0          0          0          0          0   libshutdown2.o
         8          4          0          0         96         68   libspace.o
        38          0          0          0          0         68   llshl.o
       138          0          0          0          0         80   lludiv10.o
         0          0          0          0          0          0   maybetermalloc1.o
        24          4          0          0          0         84   noretval__2printf.o
        40          6          0          0          0         84   noretval__2sprintf.o
        12          6          0          0          0         68   putchar.o
        44          4          0          0          0         84   puts.o
        16          4          0          0          0         76   rt_ctype_table.o
         8          4          0          0          0         68   rt_errno_addr_intlibspace.o
         8          4          0          0          0         68   rt_heap_descriptor_intlibspace.o
         8          4          0          0          0         68   rt_locale_intlibspace.o
        68          0          0          0          0         68   rt_memclr.o
        78          0          0          0          0         80   rt_memclr_w.o
       138          0          0          0          0         68   rt_memcpy_v6.o
       100          0          0          0          0         80   rt_memcpy_w.o
         2          0          0          0          0          0   rtexit.o
        10          0          0          0          0          0   rtexit2.o
      1272         16          0          0          0        168   scanf_fp.o
       800         14          0          0          0        100   scanf_hexfp.o
       308         16          0          0          0        100   scanf_infnan.o
        20          0          0          0          0         68   strchr.o
       124          0          0          0          0         88   strcmpv7em.o
        72          0          0          0          0         80   strcpy.o
        32          0          0          0          0         80   strcspn.o
        62          0          0          0          0         76   strlen.o
        28          0          0          0          0         80   strspn.o
        36          0          0          0          0         80   strstr.o
       176         14          0          0          0        124   strtod.o
        12          6          0          4          0         68   strtok.o
        68          4          0          0          0         84   strtok_int.o
        74          0          0          0          0         80   sys_stackheap_outer.o
        14          0          0          0          0         76   sys_wrch.o
         2          0          0          0          0         68   use_no_semi.o
        98          4          0          0          0        140   d2f.o
        16          4          0          0          0        116   dcheck1.o
        24          0          0          0          0        116   dcmpi.o
       692        140          0          0          0        264   ddiv.o
       120          4          0          0          0        140   deqf.o
       162          0          0          0          0        132   dfltll_clz.o
       120          4          0          0          0        140   dleqf.o
       340         12          0          0          0        152   dmul.o
       156          4          0          0          0        140   dnaninf.o
        12          0          0          0          0        116   dretinf.o
       108          0          0          0          0        128   drleqf.o
        86          4          0          0          0        132   f2d.o
        96          0          0          0          0        132   ffltll_clz.o
       140          4          0          0          0        132   fnaninf.o
         0          0         16          0          0          0   fpconst.o
        26          0          0          0          0        116   fpinit.o
        10          0          0          0          0        116   fretinf.o
         6          0          0          0          0        116   istatus.o
         4          0          0          0          0        116   printf1.o
       100          0          0          0          0        116   retnan.o
        92          0          0          0          0        116   scalbn.o
         4          0          0          0          0        116   scanf1.o
         8          0          0          0          0        132   scanf2.o
        48          0          0          0          0        116   trapv.o
         0          0          0          0          0          0   usenofp.o
        64         16          0          0          0        248   dunder.o
        48          0          0          0          0        124   fpclassify.o
       140         22          0          0          0        132   frexp.o
       228          8          0          0          0        308   ldexp.o
       266         16          0          0          0        308   narrow.o
        40          8          0          0          0        128   strtod.o

    ----------------------------------------------------------------------
     12832        640        524          4         96      10848   Library Totals
        22          4          3          0          0          0   (incl. Padding)

    ----------------------------------------------------------------------

      Code (inc. data)   RO Data    RW Data    ZI Data      Debug   Library Name

      9556        386        505          4         96       6560   c_w.l
      2468        180         16          0          0       3040   fz_wm.l
       786         70          0          0          0       1248   m_wm.l

    ----------------------------------------------------------------------
     12832        640        524          4         96      10848   Library Totals

    ----------------------------------------------------------------------

==============================================================================


      Code (inc. data)   RO Data    RW Data    ZI Data      Debug   

     26652       1292       8080        644       5668     175573   Grand Totals
     26652       1292       8080        160       5668     175573   ELF Image Totals (compressed)
     26652       1292       8080        160          0          0   ROM Totals

==============================================================================

    Total RO  Size (Code + RO Data)                34732 (  33.92kB)
    Total RW  Size (RW Data + ZI Data)              6312 (   6.16kB)
    Total ROM Size (Code + RO Data + RW Data)      34892 (  34.07kB)

==============================================================================

